Archive member included because of file (symbol)

c:/siliconlabs/simplicitystudio/v3/developer/toolchains/gnu_arm/4.8_2013q4/bin/../lib/gcc/arm-none-eabi/4.8.3/armv6-m\libgcc.a(_udivsi3.o)
                              ./emusb/em_usbd.o (__aeabi_uidiv)
c:/siliconlabs/simplicitystudio/v3/developer/toolchains/gnu_arm/4.8_2013q4/bin/../lib/gcc/arm-none-eabi/4.8.3/armv6-m\libgcc.a(_divsi3.o)
                              ./emusb/em_usbd.o (__aeabi_idiv)
c:/siliconlabs/simplicitystudio/v3/developer/toolchains/gnu_arm/4.8_2013q4/bin/../lib/gcc/arm-none-eabi/4.8.3/armv6-m\libgcc.a(_dvmd_tls.o)
                              c:/siliconlabs/simplicitystudio/v3/developer/toolchains/gnu_arm/4.8_2013q4/bin/../lib/gcc/arm-none-eabi/4.8.3/armv6-m\libgcc.a(_udivsi3.o) (__aeabi_idiv0)
c:/siliconlabs/simplicitystudio/v3/developer/toolchains/gnu_arm/4.8_2013q4/bin/../lib/gcc/arm-none-eabi/4.8.3/armv6-m\libgcc.a(_muldi3.o)
                              ./emusb/em_usbtimer.o (__aeabi_lmul)
c:/siliconlabs/simplicitystudio/v3/developer/toolchains/gnu_arm/4.8_2013q4/bin/../lib/gcc/arm-none-eabi/4.8.3/../../../../arm-none-eabi/lib/armv6-m\libc_s.a(lib_a-exit.o)
                              c:/siliconlabs/simplicitystudio/v3/developer/toolchains/gnu_arm/4.8_2013q4/bin/../lib/gcc/arm-none-eabi/4.8.3/../../../../arm-none-eabi/lib/armv6-m/crt0.o (exit)
c:/siliconlabs/simplicitystudio/v3/developer/toolchains/gnu_arm/4.8_2013q4/bin/../lib/gcc/arm-none-eabi/4.8.3/../../../../arm-none-eabi/lib/armv6-m\libc_s.a(lib_a-impure.o)
                              c:/siliconlabs/simplicitystudio/v3/developer/toolchains/gnu_arm/4.8_2013q4/bin/../lib/gcc/arm-none-eabi/4.8.3/../../../../arm-none-eabi/lib/armv6-m\libc_s.a(lib_a-exit.o) (_global_impure_ptr)
c:/siliconlabs/simplicitystudio/v3/developer/toolchains/gnu_arm/4.8_2013q4/bin/../lib/gcc/arm-none-eabi/4.8.3/../../../../arm-none-eabi/lib/armv6-m\libc_s.a(lib_a-init.o)
                              c:/siliconlabs/simplicitystudio/v3/developer/toolchains/gnu_arm/4.8_2013q4/bin/../lib/gcc/arm-none-eabi/4.8.3/../../../../arm-none-eabi/lib/armv6-m/crt0.o (__libc_init_array)
c:/siliconlabs/simplicitystudio/v3/developer/toolchains/gnu_arm/4.8_2013q4/bin/../lib/gcc/arm-none-eabi/4.8.3/../../../../arm-none-eabi/lib/armv6-m\libc_s.a(lib_a-memcpy-stub.o)
                              ./Drivers/display.o (memcpy)
c:/siliconlabs/simplicitystudio/v3/developer/toolchains/gnu_arm/4.8_2013q4/bin/../lib/gcc/arm-none-eabi/4.8.3/../../../../arm-none-eabi/lib/armv6-m\libc_s.a(lib_a-memset.o)
                              c:/siliconlabs/simplicitystudio/v3/developer/toolchains/gnu_arm/4.8_2013q4/bin/../lib/gcc/arm-none-eabi/4.8.3/../../../../arm-none-eabi/lib/armv6-m/crt0.o (memset)
c:/siliconlabs/simplicitystudio/v3/developer/toolchains/gnu_arm/4.8_2013q4/bin/../lib/gcc/arm-none-eabi/4.8.3/../../../../arm-none-eabi/lib/armv6-m\libnosys.a(_exit.o)
                              c:/siliconlabs/simplicitystudio/v3/developer/toolchains/gnu_arm/4.8_2013q4/bin/../lib/gcc/arm-none-eabi/4.8.3/../../../../arm-none-eabi/lib/armv6-m\libc_s.a(lib_a-exit.o) (_exit)

Allocating common symbols
Common symbol       size              file

SystemCoreClock     0x4               ./CMSIS/efm32hg/system_efm32hg.o
queue               0x88              ./Drivers/hidkbd.o

Discarded input sections

 .text          0x00000000        0x0 c:/siliconlabs/simplicitystudio/v3/developer/toolchains/gnu_arm/4.8_2013q4/bin/../lib/gcc/arm-none-eabi/4.8.3/armv6-m/crti.o
 .data          0x00000000        0x0 c:/siliconlabs/simplicitystudio/v3/developer/toolchains/gnu_arm/4.8_2013q4/bin/../lib/gcc/arm-none-eabi/4.8.3/armv6-m/crti.o
 .bss           0x00000000        0x0 c:/siliconlabs/simplicitystudio/v3/developer/toolchains/gnu_arm/4.8_2013q4/bin/../lib/gcc/arm-none-eabi/4.8.3/armv6-m/crti.o
 .data          0x00000000        0x4 c:/siliconlabs/simplicitystudio/v3/developer/toolchains/gnu_arm/4.8_2013q4/bin/../lib/gcc/arm-none-eabi/4.8.3/armv6-m/crtbegin.o
 .data          0x00000000        0x0 c:/siliconlabs/simplicitystudio/v3/developer/toolchains/gnu_arm/4.8_2013q4/bin/../lib/gcc/arm-none-eabi/4.8.3/../../../../arm-none-eabi/lib/armv6-m/crt0.o
 .bss           0x00000000        0x0 c:/siliconlabs/simplicitystudio/v3/developer/toolchains/gnu_arm/4.8_2013q4/bin/../lib/gcc/arm-none-eabi/4.8.3/../../../../arm-none-eabi/lib/armv6-m/crt0.o
 .ARM.extab     0x00000000        0x0 c:/siliconlabs/simplicitystudio/v3/developer/toolchains/gnu_arm/4.8_2013q4/bin/../lib/gcc/arm-none-eabi/4.8.3/../../../../arm-none-eabi/lib/armv6-m/crt0.o
 .text          0x00000000        0x0 ./src/descriptors.o
 .data          0x00000000        0x0 ./src/descriptors.o
 .bss           0x00000000        0x0 ./src/descriptors.o
 .text          0x00000000        0x0 ./src/main.o
 .data          0x00000000        0x0 ./src/main.o
 .bss           0x00000000        0x0 ./src/main.o
 .text          0x00000000        0x0 ./src/scrolllcd.o
 .data          0x00000000        0x0 ./src/scrolllcd.o
 .bss           0x00000000        0x0 ./src/scrolllcd.o
 .text          0x00000000        0x0 ./emusb/em_usbd.o
 .data          0x00000000        0x0 ./emusb/em_usbd.o
 .bss           0x00000000        0x0 ./emusb/em_usbd.o
 .text.NVIC_DisableIRQ
                0x00000000       0x30 ./emusb/em_usbd.o
 .text.USBHAL_DisablePhyPins
                0x00000000       0x14 ./emusb/em_usbd.o
 .text.USBHAL_DisableUsbInt
                0x00000000       0x14 ./emusb/em_usbd.o
 .text.USBDHAL_ClearRemoteWakeup
                0x00000000       0x24 ./emusb/em_usbd.o
 .text.USBDHAL_DeactivateEp
                0x00000000       0x64 ./emusb/em_usbd.o
 .text.USBDHAL_SetRemoteWakeup
                0x00000000       0x28 ./emusb/em_usbd.o
 .text.USBDHAL_StallEp
                0x00000000       0xcc ./emusb/em_usbd.o
 .text.USBDHAL_UnStallEp
                0x00000000       0xec ./emusb/em_usbd.o
 .text.USBD_AbortEp
                0x00000000       0x34 ./emusb/em_usbd.o
 .data.stateNames
                0x00000000       0x20 ./emusb/em_usbd.o
 .text.USBD_AbortAllTransfers
                0x00000000       0x1c ./emusb/em_usbd.o
 .text.USBD_AbortTransfer
                0x00000000       0xc4 ./emusb/em_usbd.o
 .text.USBD_Disconnect
                0x00000000       0x14 ./emusb/em_usbd.o
 .text.USBD_EpIsBusy
                0x00000000       0x48 ./emusb/em_usbd.o
 .text.USBD_GetUsbStateName
                0x00000000       0x30 ./emusb/em_usbd.o
 .text.USBD_RemoteWakeup
                0x00000000       0x54 ./emusb/em_usbd.o
 .text.USBD_SafeToEnterEM2
                0x00000000       0x1c ./emusb/em_usbd.o
 .text.USBD_StallEp
                0x00000000       0x90 ./emusb/em_usbd.o
 .text.USBD_Stop
                0x00000000       0x34 ./emusb/em_usbd.o
 .text.USBD_UnStallEp
                0x00000000       0x90 ./emusb/em_usbd.o
 .text          0x00000000        0x0 ./emusb/em_usbdch9.o
 .data          0x00000000        0x0 ./emusb/em_usbdch9.o
 .bss           0x00000000        0x0 ./emusb/em_usbdch9.o
 .text          0x00000000        0x0 ./emusb/em_usbdep.o
 .data          0x00000000        0x0 ./emusb/em_usbdep.o
 .bss           0x00000000        0x0 ./emusb/em_usbdep.o
 .text          0x00000000        0x0 ./emusb/em_usbdint.o
 .data          0x00000000        0x0 ./emusb/em_usbdint.o
 .bss           0x00000000        0x0 ./emusb/em_usbdint.o
 .text          0x00000000        0x0 ./emusb/em_usbhal.o
 .data          0x00000000        0x0 ./emusb/em_usbhal.o
 .bss           0x00000000        0x0 ./emusb/em_usbhal.o
 .rodata        0x00000000      0x160 ./emusb/em_usbhal.o
 .rodata.errMsg
                0x00000000       0x44 ./emusb/em_usbhal.o
 .text.USB_GetErrorMsgString
                0x00000000       0x2c ./emusb/em_usbhal.o
 .text.USBDHAL_Disconnect
                0x00000000       0x28 ./emusb/em_usbhal.o
 .text.USBDHAL_AbortEpIn
                0x00000000       0xec ./emusb/em_usbhal.o
 .text.USBDHAL_AbortEpOut
                0x00000000      0x130 ./emusb/em_usbhal.o
 .text          0x00000000        0x0 ./emusb/em_usbtimer.o
 .data          0x00000000        0x0 ./emusb/em_usbtimer.o
 .bss           0x00000000        0x0 ./emusb/em_usbtimer.o
 .text          0x00000000        0x0 ./emlib/em_assert.o
 .data          0x00000000        0x0 ./emlib/em_assert.o
 .bss           0x00000000        0x0 ./emlib/em_assert.o
 .debug_line    0x00000000        0x0 ./emlib/em_assert.o
 .debug_str     0x00000000        0x0 ./emlib/em_assert.o
 .comment       0x00000000       0x71 ./emlib/em_assert.o
 .ARM.attributes
                0x00000000       0x32 ./emlib/em_assert.o
 .text          0x00000000        0x0 ./emlib/em_cmu.o
 .data          0x00000000        0x0 ./emlib/em_cmu.o
 .bss           0x00000000        0x0 ./emlib/em_cmu.o
 .text.CMU_Calibrate
                0x00000000       0xac ./emlib/em_cmu.o
 .rodata.CMU_Calibrate
                0x00000000       0x14 ./emlib/em_cmu.o
 .text.CMU_CalibrateConfig
                0x00000000       0xfc ./emlib/em_cmu.o
 .rodata.CMU_CalibrateConfig
                0x00000000       0x28 ./emlib/em_cmu.o
 .text.CMU_FreezeEnable
                0x00000000       0x38 ./emlib/em_cmu.o
 .text.CMU_AUXHFRCOBandGet
                0x00000000       0x1c ./emlib/em_cmu.o
 .text.CMU_AUXHFRCOBandSet
                0x00000000       0xa0 ./emlib/em_cmu.o
 .rodata.CMU_AUXHFRCOBandSet
                0x00000000       0x20 ./emlib/em_cmu.o
 .text.CMU_USHFRCOBandGet
                0x00000000       0x1c ./emlib/em_cmu.o
 .text.CMU_USHFRCOBandSet
                0x00000000      0x118 ./emlib/em_cmu.o
 .text.CMU_HFRCOBandGet
                0x00000000       0x1c ./emlib/em_cmu.o
 .text.CMU_HFRCOStartupDelayGet
                0x00000000       0x1c ./emlib/em_cmu.o
 .text.CMU_HFRCOStartupDelaySet
                0x00000000       0x4c ./emlib/em_cmu.o
 .text.CMU_LCDClkFDIVGet
                0x00000000        0xc ./emlib/em_cmu.o
 .text.CMU_LCDClkFDIVSet
                0x00000000       0x10 ./emlib/em_cmu.o
 .text.CMU_OscillatorTuningGet
                0x00000000       0x68 ./emlib/em_cmu.o
 .text.CMU_OscillatorTuningSet
                0x00000000       0xdc ./emlib/em_cmu.o
 .text.CMU_PCNTClockExternalGet
                0x00000000       0x4c ./emlib/em_cmu.o
 .text.CMU_PCNTClockExternalSet
                0x00000000       0x58 ./emlib/em_cmu.o
 .text          0x00000000        0x0 ./emlib/em_emu.o
 .data          0x00000000        0x0 ./emlib/em_emu.o
 .bss           0x00000000        0x0 ./emlib/em_emu.o
 .text.SystemCoreClockUpdate
                0x00000000        0xc ./emlib/em_emu.o
 .text.EMU_Unlock
                0x00000000       0x18 ./emlib/em_emu.o
 .text.CMU_Lock
                0x00000000       0x14 ./emlib/em_emu.o
 .text.CMU_Unlock
                0x00000000       0x18 ./emlib/em_emu.o
 .text.EMU_Restore
                0x00000000      0x13c ./emlib/em_emu.o
 .text.EMU_EnterEM2
                0x00000000       0x54 ./emlib/em_emu.o
 .text.EMU_EnterEM3
                0x00000000       0x74 ./emlib/em_emu.o
 .text.EMU_EnterEM4
                0x00000000       0x5c ./emlib/em_emu.o
 .text.EMU_MemPwrDown
                0x00000000       0x10 ./emlib/em_emu.o
 .text.EMU_EM23Init
                0x00000000       0x30 ./emlib/em_emu.o
 .text          0x00000000        0x0 ./emlib/em_gpio.o
 .data          0x00000000        0x0 ./emlib/em_gpio.o
 .bss           0x00000000        0x0 ./emlib/em_gpio.o
 .text.BITBAND_Peripheral
                0x00000000       0x40 ./emlib/em_gpio.o
 .text.GPIO_DbgLocationSet
                0x00000000       0x10 ./emlib/em_gpio.o
 .text.GPIO_DriveModeSet
                0x00000000       0x68 ./emlib/em_gpio.o
 .text.GPIO_IntConfig
                0x00000000      0x104 ./emlib/em_gpio.o
 .text          0x00000000        0x0 ./emlib/em_int.o
 .data          0x00000000        0x0 ./emlib/em_int.o
 .bss           0x00000000        0x0 ./emlib/em_int.o
 .text          0x00000000        0x0 ./emlib/em_prs.o
 .data          0x00000000        0x0 ./emlib/em_prs.o
 .bss           0x00000000        0x0 ./emlib/em_prs.o
 .text.PRS_SourceSignalSet
                0x00000000       0x4c ./emlib/em_prs.o
 .text          0x00000000        0x0 ./emlib/em_rtc.o
 .data          0x00000000        0x0 ./emlib/em_rtc.o
 .bss           0x00000000        0x0 ./emlib/em_rtc.o
 .text.RTC_CompareGet
                0x00000000       0x4c ./emlib/em_rtc.o
 .text.RTC_Reset
                0x00000000       0x30 ./emlib/em_rtc.o
 .text.RTC_CounterReset
                0x00000000       0x14 ./emlib/em_rtc.o
 .text          0x00000000        0x0 ./emlib/em_timer.o
 .data          0x00000000        0x0 ./emlib/em_timer.o
 .bss           0x00000000        0x0 ./emlib/em_timer.o
 .text.TIMER_EnableDTI
                0x00000000       0x5c ./emlib/em_timer.o
 .text.TIMER_GetDTIFault
                0x00000000       0x34 ./emlib/em_timer.o
 .text.TIMER_ClearDTIFault
                0x00000000       0x38 ./emlib/em_timer.o
 .text.TIMER_InitDTI
                0x00000000      0x124 ./emlib/em_timer.o
 .text.TIMER_Reset
                0x00000000       0xd8 ./emlib/em_timer.o
 .text          0x00000000        0x0 ./emlib/em_usart.o
 .data          0x00000000        0x0 ./emlib/em_usart.o
 .bss           0x00000000        0x0 ./emlib/em_usart.o
 .text.USART_BaudrateAsyncSet
                0x00000000      0x14c ./emlib/em_usart.o
 .text.USART_BaudrateCalc
                0x00000000       0xbc ./emlib/em_usart.o
 .text.USART_BaudrateGet
                0x00000000       0x64 ./emlib/em_usart.o
 .text.USART_Enable
                0x00000000       0x60 ./emlib/em_usart.o
 .text.USART_InitAsync
                0x00000000       0xa4 ./emlib/em_usart.o
 .text.USART_InitIrDA
                0x00000000       0x7c ./emlib/em_usart.o
 .text.USART_InitI2s
                0x00000000       0xb8 ./emlib/em_usart.o
 .text.USART_InitPrsTrigger
                0x00000000       0x5c ./emlib/em_usart.o
 .text.USART_Rx
                0x00000000       0x24 ./emlib/em_usart.o
 .text.USART_RxDouble
                0x00000000       0x24 ./emlib/em_usart.o
 .text.USART_RxDoubleExt
                0x00000000       0x24 ./emlib/em_usart.o
 .text.USART_RxExt
                0x00000000       0x24 ./emlib/em_usart.o
 .text.USART_SpiTransfer
                0x00000000       0x3c ./emlib/em_usart.o
 .text.USART_TxDoubleExt
                0x00000000       0x24 ./emlib/em_usart.o
 .text.USART_TxExt
                0x00000000       0x28 ./emlib/em_usart.o
 .text          0x00000000        0x0 ./Drivers/display.o
 .data          0x00000000        0x0 ./Drivers/display.o
 .bss           0x00000000        0x0 ./Drivers/display.o
 .text.DISPLAY_DriverRefresh
                0x00000000       0x8c ./Drivers/display.o
 .text          0x00000000        0x0 ./Drivers/displayls013b7dh03.o
 .data          0x00000000        0x0 ./Drivers/displayls013b7dh03.o
 .bss           0x00000000        0x0 ./Drivers/displayls013b7dh03.o
 .text          0x00000000        0x0 ./Drivers/displaypalemlib.o
 .data          0x00000000        0x0 ./Drivers/displaypalemlib.o
 .bss           0x00000000        0x0 ./Drivers/displaypalemlib.o
 .text.GPIO_PinOutToggle
                0x00000000       0x5c ./Drivers/displaypalemlib.o
 .text.PAL_SpiShutdown
                0x00000000       0x30 ./Drivers/displaypalemlib.o
 .text.PAL_TimerShutdown
                0x00000000       0x14 ./Drivers/displaypalemlib.o
 .text.PAL_GpioShutdown
                0x00000000       0x24 ./Drivers/displaypalemlib.o
 .text.PAL_GpioPinOutToggle
                0x00000000       0x28 ./Drivers/displaypalemlib.o
 .text          0x00000000        0x0 ./Drivers/hidkbd.o
 .data          0x00000000        0x0 ./Drivers/hidkbd.o
 .bss           0x00000000        0x0 ./Drivers/hidkbd.o
 .text          0x00000000        0x0 ./Drivers/udelay.o
 .data          0x00000000        0x0 ./Drivers/udelay.o
 .bss           0x00000000        0x0 ./Drivers/udelay.o
 .data          0x00000000        0x0 ./CMSIS/efm32hg/startup_gcc_efm32hg.o
 .bss           0x00000000        0x0 ./CMSIS/efm32hg/startup_gcc_efm32hg.o
 .text          0x00000000        0x0 ./CMSIS/efm32hg/system_efm32hg.o
 .data          0x00000000        0x0 ./CMSIS/efm32hg/system_efm32hg.o
 .bss           0x00000000        0x0 ./CMSIS/efm32hg/system_efm32hg.o
 .text.SystemMaxCoreClockGet
                0x00000000       0x10 ./CMSIS/efm32hg/system_efm32hg.o
 .text.SystemHFXOClockGet
                0x00000000       0x14 ./CMSIS/efm32hg/system_efm32hg.o
 .text.SystemHFXOClockSet
                0x00000000       0x2c ./CMSIS/efm32hg/system_efm32hg.o
 .text.SystemLFXOClockSet
                0x00000000       0x2c ./CMSIS/efm32hg/system_efm32hg.o
 .data          0x00000000        0x0 c:/siliconlabs/simplicitystudio/v3/developer/toolchains/gnu_arm/4.8_2013q4/bin/../lib/gcc/arm-none-eabi/4.8.3/armv6-m\libgcc.a(_udivsi3.o)
 .bss           0x00000000        0x0 c:/siliconlabs/simplicitystudio/v3/developer/toolchains/gnu_arm/4.8_2013q4/bin/../lib/gcc/arm-none-eabi/4.8.3/armv6-m\libgcc.a(_udivsi3.o)
 .data          0x00000000        0x0 c:/siliconlabs/simplicitystudio/v3/developer/toolchains/gnu_arm/4.8_2013q4/bin/../lib/gcc/arm-none-eabi/4.8.3/armv6-m\libgcc.a(_divsi3.o)
 .bss           0x00000000        0x0 c:/siliconlabs/simplicitystudio/v3/developer/toolchains/gnu_arm/4.8_2013q4/bin/../lib/gcc/arm-none-eabi/4.8.3/armv6-m\libgcc.a(_divsi3.o)
 .data          0x00000000        0x0 c:/siliconlabs/simplicitystudio/v3/developer/toolchains/gnu_arm/4.8_2013q4/bin/../lib/gcc/arm-none-eabi/4.8.3/armv6-m\libgcc.a(_dvmd_tls.o)
 .bss           0x00000000        0x0 c:/siliconlabs/simplicitystudio/v3/developer/toolchains/gnu_arm/4.8_2013q4/bin/../lib/gcc/arm-none-eabi/4.8.3/armv6-m\libgcc.a(_dvmd_tls.o)
 .data          0x00000000        0x0 c:/siliconlabs/simplicitystudio/v3/developer/toolchains/gnu_arm/4.8_2013q4/bin/../lib/gcc/arm-none-eabi/4.8.3/armv6-m\libgcc.a(_muldi3.o)
 .bss           0x00000000        0x0 c:/siliconlabs/simplicitystudio/v3/developer/toolchains/gnu_arm/4.8_2013q4/bin/../lib/gcc/arm-none-eabi/4.8.3/armv6-m\libgcc.a(_muldi3.o)
 .text          0x00000000        0x0 c:/siliconlabs/simplicitystudio/v3/developer/toolchains/gnu_arm/4.8_2013q4/bin/../lib/gcc/arm-none-eabi/4.8.3/../../../../arm-none-eabi/lib/armv6-m\libc_s.a(lib_a-exit.o)
 .data          0x00000000        0x0 c:/siliconlabs/simplicitystudio/v3/developer/toolchains/gnu_arm/4.8_2013q4/bin/../lib/gcc/arm-none-eabi/4.8.3/../../../../arm-none-eabi/lib/armv6-m\libc_s.a(lib_a-exit.o)
 .bss           0x00000000        0x0 c:/siliconlabs/simplicitystudio/v3/developer/toolchains/gnu_arm/4.8_2013q4/bin/../lib/gcc/arm-none-eabi/4.8.3/../../../../arm-none-eabi/lib/armv6-m\libc_s.a(lib_a-exit.o)
 .text          0x00000000        0x0 c:/siliconlabs/simplicitystudio/v3/developer/toolchains/gnu_arm/4.8_2013q4/bin/../lib/gcc/arm-none-eabi/4.8.3/../../../../arm-none-eabi/lib/armv6-m\libc_s.a(lib_a-impure.o)
 .data          0x00000000        0x0 c:/siliconlabs/simplicitystudio/v3/developer/toolchains/gnu_arm/4.8_2013q4/bin/../lib/gcc/arm-none-eabi/4.8.3/../../../../arm-none-eabi/lib/armv6-m\libc_s.a(lib_a-impure.o)
 .bss           0x00000000        0x0 c:/siliconlabs/simplicitystudio/v3/developer/toolchains/gnu_arm/4.8_2013q4/bin/../lib/gcc/arm-none-eabi/4.8.3/../../../../arm-none-eabi/lib/armv6-m\libc_s.a(lib_a-impure.o)
 .data._impure_ptr
                0x00000000        0x4 c:/siliconlabs/simplicitystudio/v3/developer/toolchains/gnu_arm/4.8_2013q4/bin/../lib/gcc/arm-none-eabi/4.8.3/../../../../arm-none-eabi/lib/armv6-m\libc_s.a(lib_a-impure.o)
 .text          0x00000000        0x0 c:/siliconlabs/simplicitystudio/v3/developer/toolchains/gnu_arm/4.8_2013q4/bin/../lib/gcc/arm-none-eabi/4.8.3/../../../../arm-none-eabi/lib/armv6-m\libc_s.a(lib_a-init.o)
 .data          0x00000000        0x0 c:/siliconlabs/simplicitystudio/v3/developer/toolchains/gnu_arm/4.8_2013q4/bin/../lib/gcc/arm-none-eabi/4.8.3/../../../../arm-none-eabi/lib/armv6-m\libc_s.a(lib_a-init.o)
 .bss           0x00000000        0x0 c:/siliconlabs/simplicitystudio/v3/developer/toolchains/gnu_arm/4.8_2013q4/bin/../lib/gcc/arm-none-eabi/4.8.3/../../../../arm-none-eabi/lib/armv6-m\libc_s.a(lib_a-init.o)
 .text          0x00000000        0x0 c:/siliconlabs/simplicitystudio/v3/developer/toolchains/gnu_arm/4.8_2013q4/bin/../lib/gcc/arm-none-eabi/4.8.3/../../../../arm-none-eabi/lib/armv6-m\libc_s.a(lib_a-memcpy-stub.o)
 .data          0x00000000        0x0 c:/siliconlabs/simplicitystudio/v3/developer/toolchains/gnu_arm/4.8_2013q4/bin/../lib/gcc/arm-none-eabi/4.8.3/../../../../arm-none-eabi/lib/armv6-m\libc_s.a(lib_a-memcpy-stub.o)
 .bss           0x00000000        0x0 c:/siliconlabs/simplicitystudio/v3/developer/toolchains/gnu_arm/4.8_2013q4/bin/../lib/gcc/arm-none-eabi/4.8.3/../../../../arm-none-eabi/lib/armv6-m\libc_s.a(lib_a-memcpy-stub.o)
 .text          0x00000000        0x0 c:/siliconlabs/simplicitystudio/v3/developer/toolchains/gnu_arm/4.8_2013q4/bin/../lib/gcc/arm-none-eabi/4.8.3/../../../../arm-none-eabi/lib/armv6-m\libc_s.a(lib_a-memset.o)
 .data          0x00000000        0x0 c:/siliconlabs/simplicitystudio/v3/developer/toolchains/gnu_arm/4.8_2013q4/bin/../lib/gcc/arm-none-eabi/4.8.3/../../../../arm-none-eabi/lib/armv6-m\libc_s.a(lib_a-memset.o)
 .bss           0x00000000        0x0 c:/siliconlabs/simplicitystudio/v3/developer/toolchains/gnu_arm/4.8_2013q4/bin/../lib/gcc/arm-none-eabi/4.8.3/../../../../arm-none-eabi/lib/armv6-m\libc_s.a(lib_a-memset.o)
 .text          0x00000000        0x0 c:/siliconlabs/simplicitystudio/v3/developer/toolchains/gnu_arm/4.8_2013q4/bin/../lib/gcc/arm-none-eabi/4.8.3/../../../../arm-none-eabi/lib/armv6-m\libnosys.a(_exit.o)
 .data          0x00000000        0x0 c:/siliconlabs/simplicitystudio/v3/developer/toolchains/gnu_arm/4.8_2013q4/bin/../lib/gcc/arm-none-eabi/4.8.3/../../../../arm-none-eabi/lib/armv6-m\libnosys.a(_exit.o)
 .bss           0x00000000        0x0 c:/siliconlabs/simplicitystudio/v3/developer/toolchains/gnu_arm/4.8_2013q4/bin/../lib/gcc/arm-none-eabi/4.8.3/../../../../arm-none-eabi/lib/armv6-m\libnosys.a(_exit.o)
 .text          0x00000000        0x0 c:/siliconlabs/simplicitystudio/v3/developer/toolchains/gnu_arm/4.8_2013q4/bin/../lib/gcc/arm-none-eabi/4.8.3/armv6-m/crtend.o
 .data          0x00000000        0x0 c:/siliconlabs/simplicitystudio/v3/developer/toolchains/gnu_arm/4.8_2013q4/bin/../lib/gcc/arm-none-eabi/4.8.3/armv6-m/crtend.o
 .bss           0x00000000        0x0 c:/siliconlabs/simplicitystudio/v3/developer/toolchains/gnu_arm/4.8_2013q4/bin/../lib/gcc/arm-none-eabi/4.8.3/armv6-m/crtend.o
 .text          0x00000000        0x0 c:/siliconlabs/simplicitystudio/v3/developer/toolchains/gnu_arm/4.8_2013q4/bin/../lib/gcc/arm-none-eabi/4.8.3/armv6-m/crtn.o
 .data          0x00000000        0x0 c:/siliconlabs/simplicitystudio/v3/developer/toolchains/gnu_arm/4.8_2013q4/bin/../lib/gcc/arm-none-eabi/4.8.3/armv6-m/crtn.o
 .bss           0x00000000        0x0 c:/siliconlabs/simplicitystudio/v3/developer/toolchains/gnu_arm/4.8_2013q4/bin/../lib/gcc/arm-none-eabi/4.8.3/armv6-m/crtn.o

Memory Configuration

Name             Origin             Length             Attributes
FLASH            0x00000000         0x00010000         xr
RAM              0x20000000         0x00002000         xrw
*default*        0x00000000         0xffffffff

Linker script and memory map

LOAD c:/siliconlabs/simplicitystudio/v3/developer/toolchains/gnu_arm/4.8_2013q4/bin/../lib/gcc/arm-none-eabi/4.8.3/armv6-m/crti.o
LOAD c:/siliconlabs/simplicitystudio/v3/developer/toolchains/gnu_arm/4.8_2013q4/bin/../lib/gcc/arm-none-eabi/4.8.3/armv6-m/crtbegin.o
LOAD c:/siliconlabs/simplicitystudio/v3/developer/toolchains/gnu_arm/4.8_2013q4/bin/../lib/gcc/arm-none-eabi/4.8.3/../../../../arm-none-eabi/lib/armv6-m/crt0.o
LOAD ./src/descriptors.o
LOAD ./src/main.o
LOAD ./src/scrolllcd.o
LOAD ./emusb/em_usbd.o
LOAD ./emusb/em_usbdch9.o
LOAD ./emusb/em_usbdep.o
LOAD ./emusb/em_usbdint.o
LOAD ./emusb/em_usbhal.o
LOAD ./emusb/em_usbtimer.o
LOAD ./emlib/em_assert.o
LOAD ./emlib/em_cmu.o
LOAD ./emlib/em_emu.o
LOAD ./emlib/em_gpio.o
LOAD ./emlib/em_int.o
LOAD ./emlib/em_prs.o
LOAD ./emlib/em_rtc.o
LOAD ./emlib/em_timer.o
LOAD ./emlib/em_usart.o
LOAD ./Drivers/display.o
LOAD ./Drivers/displayls013b7dh03.o
LOAD ./Drivers/displaypalemlib.o
LOAD ./Drivers/hidkbd.o
LOAD ./Drivers/udelay.o
LOAD ./CMSIS/efm32hg/startup_gcc_efm32hg.o
LOAD ./CMSIS/efm32hg/system_efm32hg.o
START GROUP
LOAD c:/siliconlabs/simplicitystudio/v3/developer/toolchains/gnu_arm/4.8_2013q4/bin/../lib/gcc/arm-none-eabi/4.8.3/armv6-m\libgcc.a
LOAD c:/siliconlabs/simplicitystudio/v3/developer/toolchains/gnu_arm/4.8_2013q4/bin/../lib/gcc/arm-none-eabi/4.8.3/../../../../arm-none-eabi/lib/armv6-m\libc_s.a
LOAD c:/siliconlabs/simplicitystudio/v3/developer/toolchains/gnu_arm/4.8_2013q4/bin/../lib/gcc/arm-none-eabi/4.8.3/../../../../arm-none-eabi/lib/armv6-m\libnosys.a
END GROUP
START GROUP
LOAD c:/siliconlabs/simplicitystudio/v3/developer/toolchains/gnu_arm/4.8_2013q4/bin/../lib/gcc/arm-none-eabi/4.8.3/armv6-m\libgcc.a
LOAD c:/siliconlabs/simplicitystudio/v3/developer/toolchains/gnu_arm/4.8_2013q4/bin/../lib/gcc/arm-none-eabi/4.8.3/../../../../arm-none-eabi/lib/armv6-m\libg_s.a
LOAD c:/siliconlabs/simplicitystudio/v3/developer/toolchains/gnu_arm/4.8_2013q4/bin/../lib/gcc/arm-none-eabi/4.8.3/../../../../arm-none-eabi/lib/armv6-m\libc_s.a
END GROUP
START GROUP
LOAD c:/siliconlabs/simplicitystudio/v3/developer/toolchains/gnu_arm/4.8_2013q4/bin/../lib/gcc/arm-none-eabi/4.8.3/armv6-m\libgcc.a
LOAD c:/siliconlabs/simplicitystudio/v3/developer/toolchains/gnu_arm/4.8_2013q4/bin/../lib/gcc/arm-none-eabi/4.8.3/../../../../arm-none-eabi/lib/armv6-m\libc_s.a
END GROUP
LOAD c:/siliconlabs/simplicitystudio/v3/developer/toolchains/gnu_arm/4.8_2013q4/bin/../lib/gcc/arm-none-eabi/4.8.3/armv6-m/crtend.o
LOAD c:/siliconlabs/simplicitystudio/v3/developer/toolchains/gnu_arm/4.8_2013q4/bin/../lib/gcc/arm-none-eabi/4.8.3/armv6-m/crtn.o

.text           0x00000000     0x9688
 *(.vectors)
 .vectors       0x00000000       0x94 ./CMSIS/efm32hg/startup_gcc_efm32hg.o
                0x00000000                __Vectors
                0x00000094                __Vectors_End = .
                0x00000094                __Vectors_Size = (__Vectors_End - __Vectors)
                0x00000094                __end__ = .
 *(.text*)
 .text          0x00000094       0x60 c:/siliconlabs/simplicitystudio/v3/developer/toolchains/gnu_arm/4.8_2013q4/bin/../lib/gcc/arm-none-eabi/4.8.3/armv6-m/crtbegin.o
 .text          0x000000f4       0x78 c:/siliconlabs/simplicitystudio/v3/developer/toolchains/gnu_arm/4.8_2013q4/bin/../lib/gcc/arm-none-eabi/4.8.3/../../../../arm-none-eabi/lib/armv6-m/crt0.o
                0x000000f4                _start
                0x000000f4                _mainCRTStartup
 .text.CHIP_Init
                0x0000016c       0x40 ./src/main.o
 .text.EMU_EnterEM1
                0x000001ac       0x1c ./src/main.o
 .text.GPIO_PinInGet
                0x000001c8       0x58 ./src/main.o
 .text.main     0x00000220      0x158 ./src/main.o
                0x00000220                main
 .text.ScanTimeout
                0x00000378       0xe0 ./src/main.o
 .text.StateChange
                0x00000458       0x84 ./src/main.o
 .text.scrollLcd
                0x000004dc      0x158 ./src/scrolllcd.o
                0x000004dc                scrollLcd
 .text.NVIC_EnableIRQ
                0x00000634       0x2c ./emusb/em_usbd.o
 .text.NVIC_ClearPendingIRQ
                0x00000660       0x34 ./emusb/em_usbd.o
 .text.INT_Disable
                0x00000694       0x28 ./emusb/em_usbd.o
 .text.INT_Enable
                0x000006bc       0x38 ./emusb/em_usbd.o
 .text.USBHAL_DisableGlobalInt
                0x000006f4       0x24 ./emusb/em_usbd.o
 .text.USBHAL_EnableGlobalInt
                0x00000718       0x20 ./emusb/em_usbd.o
 .text.USBHAL_VbusIsOn
                0x00000738       0x1c ./emusb/em_usbd.o
 .text.USBDHAL_EnableUsbResetAndSuspendInt
                0x00000754       0x24 ./emusb/em_usbd.o
 .text.USBDHAL_EpIsStalled
                0x00000778       0x48 ./emusb/em_usbd.o
 .text.USBDHAL_GetStallStatusEp
                0x000007c0       0xc4 ./emusb/em_usbd.o
 .text.USBDHAL_SetEp0InDmaPtr
                0x00000884       0x20 ./emusb/em_usbd.o
 .text.USBDHAL_SetEp0OutDmaPtr
                0x000008a4       0x20 ./emusb/em_usbd.o
 .text.USBDHAL_StartEp0In
                0x000008c4       0x48 ./emusb/em_usbd.o
 .text.USBDHAL_StartEp0Out
                0x0000090c       0x48 ./emusb/em_usbd.o
 .text.USBDHAL_StartEpIn
                0x00000954       0xa4 ./emusb/em_usbd.o
 .text.USBDHAL_StartEpOut
                0x000009f8       0xb0 ./emusb/em_usbd.o
 .text.USBD_ArmEp
                0x00000aa8       0x28 ./emusb/em_usbd.o
 .text.USBD_ArmEp0
                0x00000ad0       0x84 ./emusb/em_usbd.o
 .text.USBD_ArmEpN
                0x00000b54       0x28 ./emusb/em_usbd.o
 .text.USBD_GetEpFromAddr
                0x00000b7c       0x88 ./emusb/em_usbd.o
 .text.USBD_Connect
                0x00000c04       0x14 ./emusb/em_usbd.o
                0x00000c04                USBD_Connect
 .text.USBD_GetUsbState
                0x00000c18       0x18 ./emusb/em_usbd.o
                0x00000c18                USBD_GetUsbState
 .text.USBD_Init
                0x00000c30      0x4e4 ./emusb/em_usbd.o
                0x00000c30                USBD_Init
 .text.USBD_Read
                0x00001114      0x148 ./emusb/em_usbd.o
                0x00001114                USBD_Read
 .text.USBD_SetUsbState
                0x0000125c       0x88 ./emusb/em_usbd.o
                0x0000125c                USBD_SetUsbState
 .text.USBD_Write
                0x000012e4      0x14c ./emusb/em_usbd.o
                0x000012e4                USBD_Write
 .text.USBDHAL_ActivateEp
                0x00001430      0x114 ./emusb/em_usbdch9.o
 .text.USBDHAL_DeactivateEp
                0x00001544       0x64 ./emusb/em_usbdch9.o
 .text.USBDHAL_GetStallStatusEp
                0x000015a8       0xc4 ./emusb/em_usbdch9.o
 .text.USBDHAL_SetAddr
                0x0000166c       0x38 ./emusb/em_usbdch9.o
 .text.USBDHAL_StallEp
                0x000016a4       0xcc ./emusb/em_usbdch9.o
 .text.USBDHAL_UnStallEp
                0x00001770       0xec ./emusb/em_usbdch9.o
 .text.USBD_ActivateAllEps
                0x0000185c       0x48 ./emusb/em_usbdch9.o
 .text.USBD_DeactivateAllEps
                0x000018a4       0x5c ./emusb/em_usbdch9.o
 .text.USBD_GetEpFromAddr
                0x00001900       0x88 ./emusb/em_usbdch9.o
 .text.USBDCH9_SetupCmd
                0x00001988       0xe8 ./emusb/em_usbdch9.o
                0x00001988                USBDCH9_SetupCmd
 .text.ClearFeature
                0x00001a70       0xe4 ./emusb/em_usbdch9.o
 .text.GetConfiguration
                0x00001b54       0xbc ./emusb/em_usbdch9.o
 .text.GetDescriptor
                0x00001c10      0x138 ./emusb/em_usbdch9.o
 .text.GetInterface
                0x00001d48       0xa0 ./emusb/em_usbdch9.o
 .text.GetStatus
                0x00001de8      0x1c8 ./emusb/em_usbdch9.o
 .text.SetAddress
                0x00001fb0       0xd4 ./emusb/em_usbdch9.o
 .text.SetConfiguration
                0x00002084      0x140 ./emusb/em_usbdch9.o
 .text.SetFeature
                0x000021c4      0x118 ./emusb/em_usbdch9.o
 .text.SetInterface
                0x000022dc       0x74 ./emusb/em_usbdch9.o
 .text.USBDHAL_StallEp
                0x00002350       0xcc ./emusb/em_usbdep.o
 .text.USBDHAL_StartEp0In
                0x0000241c       0x48 ./emusb/em_usbdep.o
 .text.USBDHAL_StartEp0Out
                0x00002464       0x48 ./emusb/em_usbdep.o
 .text.USBDHAL_StartEp0Setup
                0x000024ac       0x68 ./emusb/em_usbdep.o
 .text.USBD_GetEpFromAddr
                0x00002514       0x88 ./emusb/em_usbdep.o
 .text.USBD_ReArmEp0
                0x0000259c       0x60 ./emusb/em_usbdep.o
 .text.USBDEP_Ep0Handler
                0x000025fc      0x2a0 ./emusb/em_usbdep.o
                0x000025fc                USBDEP_Ep0Handler
 .text.USBDEP_EpHandler
                0x0000289c       0x74 ./emusb/em_usbdep.o
                0x0000289c                USBDEP_EpHandler
 .text.INT_Disable
                0x00002910       0x28 ./emusb/em_usbdint.o
 .text.INT_Enable
                0x00002938       0x38 ./emusb/em_usbdint.o
 .text.USBHAL_FlushTxFifo
                0x00002970       0x38 ./emusb/em_usbdint.o
 .text.USBHAL_GetCoreInts
                0x000029a8       0x30 ./emusb/em_usbdint.o
 .text.USBDHAL_EnableInts
                0x000029d8       0x50 ./emusb/em_usbdint.o
 .text.USBDHAL_EnableUsbResetAndSuspendInt
                0x00002a28       0x24 ./emusb/em_usbdint.o
 .text.USBDHAL_Ep0Activate
                0x00002a4c       0x54 ./emusb/em_usbdint.o
 .text.USBDHAL_GetAllInEpInts
                0x00002aa0       0x34 ./emusb/em_usbdint.o
 .text.USBDHAL_GetAllOutEpInts
                0x00002ad4       0x34 ./emusb/em_usbdint.o
 .text.USBDHAL_GetInEpInts
                0x00002b08       0x38 ./emusb/em_usbdint.o
 .text.USBDHAL_GetOutEpInts
                0x00002b40       0x40 ./emusb/em_usbdint.o
 .text.USBDHAL_StartEp0Setup
                0x00002b80       0x68 ./emusb/em_usbdint.o
 .text.USBD_GetEpFromAddr
                0x00002be8       0x88 ./emusb/em_usbdint.o
 .text.USB_IRQHandler
                0x00002c70      0x1d8 ./emusb/em_usbdint.o
                0x00002c70                USB_IRQHandler
 .text.Handle_USB_GINTSTS_ENUMDONE
                0x00002e48       0x34 ./emusb/em_usbdint.o
 .text.Handle_USB_GINTSTS_IEPINT
                0x00002e7c      0x13c ./emusb/em_usbdint.o
 .text.Handle_USB_GINTSTS_OEPINT
                0x00002fb8       0x7c ./emusb/em_usbdint.o
 .text.Handle_USB_GINTSTS_RESETDET
                0x00003034       0x68 ./emusb/em_usbdint.o
 .text.Handle_USB_GINTSTS_SOF
                0x0000309c       0x4c ./emusb/em_usbdint.o
 .text.Handle_USB_GINTSTS_USBRST
                0x000030e8       0xf4 ./emusb/em_usbdint.o
 .text.Handle_USB_GINTSTS_USBSUSP
                0x000031dc       0x6c ./emusb/em_usbdint.o
 .text.Handle_USB_GINTSTS_WKUPINT
                0x00003248       0x6c ./emusb/em_usbdint.o
 .text.UsbPowerDown
                0x000032b4      0x280 ./emusb/em_usbdint.o
 .text.UsbPowerUp
                0x00003534      0x2bc ./emusb/em_usbdint.o
 .text.HandleOutEpIntr
                0x000037f0      0x218 ./emusb/em_usbdint.o
 .text.NVIC_ClearPendingIRQ
                0x00003a08       0x34 ./emusb/em_usbhal.o
 .text.INT_Disable
                0x00003a3c       0x28 ./emusb/em_usbhal.o
 .text.INT_Enable
                0x00003a64       0x38 ./emusb/em_usbhal.o
 .text.USBHAL_FlushRxFifo
                0x00003a9c       0x28 ./emusb/em_usbhal.o
 .text.USBHAL_FlushTxFifo
                0x00003ac4       0x38 ./emusb/em_usbhal.o
 .text.USBDHAL_DeactivateEp
                0x00003afc       0x64 ./emusb/em_usbhal.o
 .text.USBDHAL_GetInEpInts
                0x00003b60       0x38 ./emusb/em_usbhal.o
 .text.USBDHAL_GetOutEpInts
                0x00003b98       0x40 ./emusb/em_usbhal.o
 .text.USBDHAL_SetEPDISNAK
                0x00003bd8       0x90 ./emusb/em_usbhal.o
 .text.USBD_GetEpFromAddr
                0x00003c68       0x88 ./emusb/em_usbhal.o
 .text.PrintI   0x00003cf0       0x10 ./emusb/em_usbhal.o
 .text.assertEFM
                0x00003d00       0x14 ./emusb/em_usbhal.o
                0x00003d00                assertEFM
 .text.USBHAL_CoreReset
                0x00003d14       0x6c ./emusb/em_usbhal.o
                0x00003d14                USBHAL_CoreReset
 .text.USBDHAL_Connect
                0x00003d80       0x24 ./emusb/em_usbhal.o
                0x00003d80                USBDHAL_Connect
 .text.USBDHAL_CoreInit
                0x00003da4      0x31c ./emusb/em_usbhal.o
                0x00003da4                USBDHAL_CoreInit
 .text.USBDHAL_AbortAllEps
                0x000040c0      0x468 ./emusb/em_usbhal.o
                0x000040c0                USBDHAL_AbortAllEps
 .text.USBDHAL_AbortAllTransfers
                0x00004528       0xac ./emusb/em_usbhal.o
                0x00004528                USBDHAL_AbortAllTransfers
 .text.NVIC_EnableIRQ
                0x000045d4       0x2c ./emusb/em_usbtimer.o
 .text.NVIC_ClearPendingIRQ
                0x00004600       0x34 ./emusb/em_usbtimer.o
 .text.INT_Disable
                0x00004634       0x28 ./emusb/em_usbtimer.o
 .text.INT_Enable
                0x0000465c       0x38 ./emusb/em_usbtimer.o
 .text.TIMER_CaptureGet
                0x00004694       0x20 ./emusb/em_usbtimer.o
 .text.TIMER_CompareSet
                0x000046b4       0x20 ./emusb/em_usbtimer.o
 .text.TIMER_CounterGet
                0x000046d4       0x14 ./emusb/em_usbtimer.o
 .text.TIMER_IntClear
                0x000046e8       0x18 ./emusb/em_usbtimer.o
 .text.TIMER_IntEnable
                0x00004700       0x1c ./emusb/em_usbtimer.o
 .text.TIMER_IntGet
                0x0000471c       0x14 ./emusb/em_usbtimer.o
 .text.TIMER_TopSet
                0x00004730       0x18 ./emusb/em_usbtimer.o
 .text.TIMER0_IRQHandler
                0x00004748       0x54 ./emusb/em_usbtimer.o
                0x00004748                TIMER0_IRQHandler
 .text.DelayTicks
                0x0000479c       0x5c ./emusb/em_usbtimer.o
 .text.USBTIMER_DelayMs
                0x000047f8       0x80 ./emusb/em_usbtimer.o
                0x000047f8                USBTIMER_DelayMs
 .text.USBTIMER_DelayUs
                0x00004878      0x100 ./emusb/em_usbtimer.o
                0x00004878                USBTIMER_DelayUs
 .text.USBTIMER_Init
                0x00004978      0x1cc ./emusb/em_usbtimer.o
                0x00004978                USBTIMER_Init
 .text.USBTIMER_Start
                0x00004b44      0x138 ./emusb/em_usbtimer.o
                0x00004b44                USBTIMER_Start
 .text.USBTIMER_Stop
                0x00004c7c       0x8c ./emusb/em_usbtimer.o
                0x00004c7c                USBTIMER_Stop
 .text.TimerTick
                0x00004d08       0x68 ./emusb/em_usbtimer.o
 .text.__CLZ    0x00004d70       0x34 ./emlib/em_cmu.o
 .text.BITBAND_Peripheral
                0x00004da4       0x40 ./emlib/em_cmu.o
 .text.CMU_FlashWaitStateControl
                0x00004de4       0x7c ./emlib/em_cmu.o
 .text.CMU_FlashWaitStateMax
                0x00004e60       0x1c ./emlib/em_cmu.o
 .text.CMU_DivToLog2
                0x00004e7c       0x44 ./emlib/em_cmu.o
 .text.CMU_Log2ToDiv
                0x00004ec0       0x1c ./emlib/em_cmu.o
 .text.CMU_USBCClkGet
                0x00004edc       0x58 ./emlib/em_cmu.o
 .text.CMU_AUXClkGet
                0x00004f34       0x88 ./emlib/em_cmu.o
 .text.CMU_DBGClkGet
                0x00004fbc       0x78 ./emlib/em_cmu.o
 .text.CMU_LFClkGet
                0x00005034       0x9c ./emlib/em_cmu.o
 .text.CMU_Sync
                0x000050d0       0x2c ./emlib/em_cmu.o
 .text.CMU_ClockDivGet
                0x000050fc      0x108 ./emlib/em_cmu.o
                0x000050fc                CMU_ClockDivGet
 .text.CMU_ClockDivSet
                0x00005204      0x1e4 ./emlib/em_cmu.o
                0x00005204                CMU_ClockDivSet
 .text.CMU_ClockEnable
                0x000053e8       0xc8 ./emlib/em_cmu.o
                0x000053e8                CMU_ClockEnable
 .text.CMU_ClockFreqGet
                0x000054b0      0x184 ./emlib/em_cmu.o
                0x000054b0                CMU_ClockFreqGet
 .text.CMU_ClockSelectGet
                0x00005634      0x1f8 ./emlib/em_cmu.o
                0x00005634                CMU_ClockSelectGet
 .text.CMU_ClockSelectSet
                0x0000582c      0x2a0 ./emlib/em_cmu.o
                0x0000582c                CMU_ClockSelectSet
 .text.CMU_HFRCOBandSet
                0x00005acc       0xd4 ./emlib/em_cmu.o
                0x00005acc                CMU_HFRCOBandSet
 .text.CMU_OscillatorEnable
                0x00005ba0       0xdc ./emlib/em_cmu.o
                0x00005ba0                CMU_OscillatorEnable
 .text.EMU_UpdateOscConfig
                0x00005c7c       0x18 ./emlib/em_emu.o
                0x00005c7c                EMU_UpdateOscConfig
 .text.GPIO_PinModeSet
                0x00005c94      0x198 ./emlib/em_gpio.o
                0x00005c94                GPIO_PinModeSet
 .text.PRS_SourceAsyncSignalSet
                0x00005e2c       0x4c ./emlib/em_prs.o
                0x00005e2c                PRS_SourceAsyncSignalSet
 .text.BITBAND_Peripheral
                0x00005e78       0x40 ./emlib/em_rtc.o
 .text.RTC_CompareSet
                0x00005eb8       0x54 ./emlib/em_rtc.o
                0x00005eb8                RTC_CompareSet
 .text.RTC_Enable
                0x00005f0c       0x28 ./emlib/em_rtc.o
                0x00005f0c                RTC_Enable
 .text.RTC_FreezeEnable
                0x00005f34       0x2c ./emlib/em_rtc.o
                0x00005f34                RTC_FreezeEnable
 .text.RTC_Init
                0x00005f60       0x4c ./emlib/em_rtc.o
                0x00005f60                RTC_Init
 .text.TIMER_Init
                0x00005fac      0x108 ./emlib/em_timer.o
                0x00005fac                TIMER_Init
 .text.TIMER_InitCC
                0x000060b4       0xd8 ./emlib/em_timer.o
                0x000060b4                TIMER_InitCC
 .text.USART_BaudrateSyncSet
                0x0000618c       0xa4 ./emlib/em_usart.o
                0x0000618c                USART_BaudrateSyncSet
 .text.USART_InitSync
                0x00006230       0xd0 ./emlib/em_usart.o
                0x00006230                USART_InitSync
 .text.USART_Reset
                0x00006300       0xa8 ./emlib/em_usart.o
                0x00006300                USART_Reset
 .text.USART_Tx
                0x000063a8       0x28 ./emlib/em_usart.o
                0x000063a8                USART_Tx
 .text.USART_TxDouble
                0x000063d0       0x28 ./emlib/em_usart.o
                0x000063d0                USART_TxDouble
 .text.DISPLAY_Init
                0x000063f8       0x54 ./Drivers/display.o
                0x000063f8                DISPLAY_Init
 .text.DISPLAY_DeviceGet
                0x0000644c       0x60 ./Drivers/display.o
                0x0000644c                DISPLAY_DeviceGet
 .text.DISPLAY_DeviceRegister
                0x000064ac       0x6c ./Drivers/display.o
                0x000064ac                DISPLAY_DeviceRegister
 .text.DISPLAY_Ls013b7dh03Init
                0x00006518      0x104 ./Drivers/displayls013b7dh03.o
                0x00006518                DISPLAY_Ls013b7dh03Init
 .text.DriverRefresh
                0x0000661c       0x20 ./Drivers/displayls013b7dh03.o
 .text.DisplayEnable
                0x0000663c       0x34 ./Drivers/displayls013b7dh03.o
 .text.DisplayClear
                0x00006670       0x4c ./Drivers/displayls013b7dh03.o
 .text.PixelMatrixAllocate
                0x000066bc       0x68 ./Drivers/displayls013b7dh03.o
 .text.PixelMatrixFree
                0x00006724       0x18 ./Drivers/displayls013b7dh03.o
 .text.PixelMatrixClear
                0x0000673c       0x44 ./Drivers/displayls013b7dh03.o
 .text.PixelMatrixDraw
                0x00006780       0xc4 ./Drivers/displayls013b7dh03.o
 .text.GPIO_PinOutClear
                0x00006844       0x58 ./Drivers/displaypalemlib.o
 .text.GPIO_PinOutSet
                0x0000689c       0x5c ./Drivers/displaypalemlib.o
 .text.PAL_SpiInit
                0x000068f8       0x54 ./Drivers/displaypalemlib.o
                0x000068f8                PAL_SpiInit
 .text.PAL_SpiTransmit
                0x0000694c       0x74 ./Drivers/displaypalemlib.o
                0x0000694c                PAL_SpiTransmit
 .text.PAL_TimerInit
                0x000069c0       0x18 ./Drivers/displaypalemlib.o
                0x000069c0                PAL_TimerInit
 .text.PAL_TimerMicroSecondsDelay
                0x000069d8       0x20 ./Drivers/displaypalemlib.o
                0x000069d8                PAL_TimerMicroSecondsDelay
 .text.PAL_GpioInit
                0x000069f8       0x24 ./Drivers/displaypalemlib.o
                0x000069f8                PAL_GpioInit
 .text.PAL_GpioPinModeSet
                0x00006a1c       0x4c ./Drivers/displaypalemlib.o
                0x00006a1c                PAL_GpioPinModeSet
 .text.PAL_GpioPinOutSet
                0x00006a68       0x28 ./Drivers/displaypalemlib.o
                0x00006a68                PAL_GpioPinOutSet
 .text.PAL_GpioPinOutClear
                0x00006a90       0x28 ./Drivers/displaypalemlib.o
                0x00006a90                PAL_GpioPinOutClear
 .text.PAL_GpioPinAutoToggle
                0x00006ab8       0x9c ./Drivers/displaypalemlib.o
                0x00006ab8                PAL_GpioPinAutoToggle
 .text.rtcSetup
                0x00006b54       0xb0 ./Drivers/displaypalemlib.o
 .text.IdleTimeout
                0x00006c04       0x50 ./Drivers/hidkbd.o
 .text.OutputReportReceived
                0x00006c54       0x4c ./Drivers/hidkbd.o
 .text.HIDKBD_Init
                0x00006ca0       0x48 ./Drivers/hidkbd.o
                0x00006ca0                HIDKBD_Init
 .text.HIDKBD_KeyboardEvent
                0x00006ce8       0x64 ./Drivers/hidkbd.o
                0x00006ce8                HIDKBD_KeyboardEvent
 .text.HIDKBD_SetupCmd
                0x00006d4c      0x2d8 ./Drivers/hidkbd.o
                0x00006d4c                HIDKBD_SetupCmd
 .text.HIDKBD_StateChangeEvent
                0x00007024       0x80 ./Drivers/hidkbd.o
                0x00007024                HIDKBD_StateChangeEvent
 .text.QueueEmpty
                0x000070a4       0x20 ./Drivers/hidkbd.o
 .text.QueueFull
                0x000070c4       0x24 ./Drivers/hidkbd.o
 .text.QueueGet
                0x000070e8       0x5c ./Drivers/hidkbd.o
 .text.QueueInit
                0x00007144       0x18 ./Drivers/hidkbd.o
 .text.QueuePut
                0x0000715c       0x60 ./Drivers/hidkbd.o
 .text.NVIC_ClearPendingIRQ
                0x000071bc       0x34 ./Drivers/udelay.o
 .text.INT_Disable
                0x000071f0       0x28 ./Drivers/udelay.o
 .text.INT_Enable
                0x00007218       0x38 ./Drivers/udelay.o
 .text.RTC_CounterGet
                0x00007250       0x14 ./Drivers/udelay.o
 .text.UDELAY_Calibrate
                0x00007264      0x1f4 ./Drivers/udelay.o
                0x00007264                UDELAY_Calibrate
 .text.UDELAY_Delay
                0x00007458       0x34 ./Drivers/udelay.o
                0x00007458                UDELAY_Delay
 .text.calibrate_delay
                0x0000748c       0xdc ./Drivers/udelay.o
 .text.clock    0x00007568       0x10 ./Drivers/udelay.o
 .text._delay   0x00007578       0x14 ./Drivers/udelay.o
 .text          0x0000758c       0x30 ./CMSIS/efm32hg/startup_gcc_efm32hg.o
                0x0000758c                Reset_Handler
                0x000075b8                USART0_TX_IRQHandler
                0x000075b8                I2C0_IRQHandler
                0x000075b8                HardFault_Handler
                0x000075b8                SysTick_Handler
                0x000075b8                USART1_RX_IRQHandler
                0x000075b8                PendSV_Handler
                0x000075b8                NMI_Handler
                0x000075b8                USART1_TX_IRQHandler
                0x000075b8                MSC_IRQHandler
                0x000075b8                ADC0_IRQHandler
                0x000075b8                LEUART0_IRQHandler
                0x000075b8                GPIO_EVEN_IRQHandler
                0x000075b8                RTC_IRQHandler
                0x000075b8                TIMER2_IRQHandler
                0x000075b8                TIMER1_IRQHandler
                0x000075b8                Default_Handler
                0x000075b8                PCNT0_IRQHandler
                0x000075b8                ACMP0_IRQHandler
                0x000075b8                USART0_RX_IRQHandler
                0x000075b8                SVC_Handler
                0x000075b8                CMU_IRQHandler
                0x000075b8                GPIO_ODD_IRQHandler
                0x000075b8                AES_IRQHandler
                0x000075b8                VCMP_IRQHandler
                0x000075b8                DMA_IRQHandler
 .text.SystemCoreClockGet
                0x000075bc       0x3c ./CMSIS/efm32hg/system_efm32hg.o
                0x000075bc                SystemCoreClockGet
 .text.SystemHFClockGet
                0x000075f8       0xe8 ./CMSIS/efm32hg/system_efm32hg.o
                0x000075f8                SystemHFClockGet
 .text.SystemInit
                0x000076e0        0x8 ./CMSIS/efm32hg/system_efm32hg.o
                0x000076e0                SystemInit
 .text.SystemLFRCOClockGet
                0x000076e8       0x10 ./CMSIS/efm32hg/system_efm32hg.o
                0x000076e8                SystemLFRCOClockGet
 .text.SystemULFRCOClockGet
                0x000076f8       0x10 ./CMSIS/efm32hg/system_efm32hg.o
                0x000076f8                SystemULFRCOClockGet
 .text.SystemLFXOClockGet
                0x00007708       0x14 ./CMSIS/efm32hg/system_efm32hg.o
                0x00007708                SystemLFXOClockGet
 .text          0x0000771c       0x9c c:/siliconlabs/simplicitystudio/v3/developer/toolchains/gnu_arm/4.8_2013q4/bin/../lib/gcc/arm-none-eabi/4.8.3/armv6-m\libgcc.a(_udivsi3.o)
                0x0000771c                __aeabi_uidiv
                0x0000771c                __udivsi3
                0x000077a4                __aeabi_uidivmod
 .text          0x000077b8       0xc0 c:/siliconlabs/simplicitystudio/v3/developer/toolchains/gnu_arm/4.8_2013q4/bin/../lib/gcc/arm-none-eabi/4.8.3/armv6-m\libgcc.a(_divsi3.o)
                0x000077b8                __divsi3
                0x000077b8                __aeabi_idiv
                0x00007864                __aeabi_idivmod
 .text          0x00007878        0x4 c:/siliconlabs/simplicitystudio/v3/developer/toolchains/gnu_arm/4.8_2013q4/bin/../lib/gcc/arm-none-eabi/4.8.3/armv6-m\libgcc.a(_dvmd_tls.o)
                0x00007878                __aeabi_idiv0
                0x00007878                __aeabi_ldiv0
 .text          0x0000787c       0x44 c:/siliconlabs/simplicitystudio/v3/developer/toolchains/gnu_arm/4.8_2013q4/bin/../lib/gcc/arm-none-eabi/4.8.3/armv6-m\libgcc.a(_muldi3.o)
                0x0000787c                __muldi3
                0x0000787c                __aeabi_lmul
 .text.exit     0x000078c0       0x2c c:/siliconlabs/simplicitystudio/v3/developer/toolchains/gnu_arm/4.8_2013q4/bin/../lib/gcc/arm-none-eabi/4.8.3/../../../../arm-none-eabi/lib/armv6-m\libc_s.a(lib_a-exit.o)
                0x000078c0                exit
 .text.__libc_init_array
                0x000078ec       0x4c c:/siliconlabs/simplicitystudio/v3/developer/toolchains/gnu_arm/4.8_2013q4/bin/../lib/gcc/arm-none-eabi/4.8.3/../../../../arm-none-eabi/lib/armv6-m\libc_s.a(lib_a-init.o)
                0x000078ec                __libc_init_array
 .text.memcpy   0x00007938       0x12 c:/siliconlabs/simplicitystudio/v3/developer/toolchains/gnu_arm/4.8_2013q4/bin/../lib/gcc/arm-none-eabi/4.8.3/../../../../arm-none-eabi/lib/armv6-m\libc_s.a(lib_a-memcpy-stub.o)
                0x00007938                memcpy
 .text.memset   0x0000794a       0x10 c:/siliconlabs/simplicitystudio/v3/developer/toolchains/gnu_arm/4.8_2013q4/bin/../lib/gcc/arm-none-eabi/4.8.3/../../../../arm-none-eabi/lib/armv6-m\libc_s.a(lib_a-memset.o)
                0x0000794a                memset
 *fill*         0x0000795a        0x2 
 .text._exit    0x0000795c        0x4 c:/siliconlabs/simplicitystudio/v3/developer/toolchains/gnu_arm/4.8_2013q4/bin/../lib/gcc/arm-none-eabi/4.8.3/../../../../arm-none-eabi/lib/armv6-m\libnosys.a(_exit.o)
                0x0000795c                _exit
 *(.init)
 .init          0x00007960        0x4 c:/siliconlabs/simplicitystudio/v3/developer/toolchains/gnu_arm/4.8_2013q4/bin/../lib/gcc/arm-none-eabi/4.8.3/armv6-m/crti.o
                0x00007960                _init
 .init          0x00007964        0x8 c:/siliconlabs/simplicitystudio/v3/developer/toolchains/gnu_arm/4.8_2013q4/bin/../lib/gcc/arm-none-eabi/4.8.3/armv6-m/crtn.o
 *(.fini)
 .fini          0x0000796c        0x4 c:/siliconlabs/simplicitystudio/v3/developer/toolchains/gnu_arm/4.8_2013q4/bin/../lib/gcc/arm-none-eabi/4.8.3/armv6-m/crti.o
                0x0000796c                _fini
 .fini          0x00007970        0x8 c:/siliconlabs/simplicitystudio/v3/developer/toolchains/gnu_arm/4.8_2013q4/bin/../lib/gcc/arm-none-eabi/4.8.3/armv6-m/crtn.o
 *crtbegin.o(.ctors)
 *crtbegin?.o(.ctors)
 *(EXCLUDE_FILE(*crtend.o *crtend?.o) .ctors)
 *(SORT(.ctors.*))
 *(.ctors)
 *crtbegin.o(.dtors)
 *crtbegin?.o(.dtors)
 *(EXCLUDE_FILE(*crtend.o *crtend?.o) .dtors)
 *(SORT(.dtors.*))
 *(.dtors)
 *(.rodata*)
 .rodata.USBDESC_deviceDesc
                0x00007978       0x14 ./src/descriptors.o
                0x00007978                USBDESC_deviceDesc
 .rodata.USBDESC_configDesc
                0x0000798c       0x24 ./src/descriptors.o
                0x0000798c                USBDESC_configDesc
 .rodata.langID
                0x000079b0        0x4 ./src/descriptors.o
 .rodata.iManufacturer
                0x000079b4       0x38 ./src/descriptors.o
 .rodata.iProduct
                0x000079ec       0x48 ./src/descriptors.o
 .rodata.iSerialNumber
                0x00007a34       0x1c ./src/descriptors.o
 .rodata.USBDESC_strings
                0x00007a50       0x10 ./src/descriptors.o
                0x00007a50                USBDESC_strings
 .rodata.USBDESC_bufferingMultiplier
                0x00007a60        0x4 ./src/descriptors.o
                0x00007a60                USBDESC_bufferingMultiplier
 .rodata.USBDESC_noKeyReport
                0x00007a64        0x8 ./src/descriptors.o
                0x00007a64                USBDESC_noKeyReport
 .rodata.USBDESC_reportTable
                0x00007a6c       0x10 ./src/descriptors.o
                0x00007a6c                USBDESC_reportTable
 .rodata        0x00007a7c       0x50 ./src/main.o
 .rodata.usb_image
                0x00007acc      0x800 ./src/main.o
 .rodata.leusb_image
                0x000082cc      0x800 ./src/main.o
 .rodata.gecko_image
                0x00008acc      0x800 ./src/main.o
 .rodata.callbacks
                0x000092cc       0x14 ./src/main.o
 .rodata.usbInitStruct
                0x000092e0       0x1c ./src/main.o
 .rodata        0x000092fc       0x74 ./emusb/em_usbd.o
 .rodata.USBDCH9_SetupCmd
                0x00009370       0x30 ./emusb/em_usbdch9.o
 .rodata.USBDEP_Ep0Handler
                0x000093a0       0x14 ./emusb/em_usbdep.o
 .rodata        0x000093b4       0x18 ./emusb/em_usbdep.o
 .rodata        0x000093cc       0x14 ./emlib/em_cmu.o
 .rodata.CMU_ClockDivGet
                0x000093e0       0x18 ./emlib/em_cmu.o
 .rodata.CMU_ClockDivSet
                0x000093f8       0x18 ./emlib/em_cmu.o
 .rodata.CMU_ClockEnable
                0x00009410       0x20 ./emlib/em_cmu.o
 .rodata.CMU_ClockSelectGet
                0x00009430       0x1c ./emlib/em_cmu.o
 .rodata.CMU_ClockSelectSet
                0x0000944c       0x7c ./emlib/em_cmu.o
 .rodata.CMU_HFRCOBandSet
                0x000094c8       0x14 ./emlib/em_cmu.o
 .rodata.CMU_OscillatorEnable
                0x000094dc       0x1c ./emlib/em_cmu.o
 .rodata        0x000094f8       0x14 ./emlib/em_gpio.o
 .rodata        0x0000950c       0x14 ./emlib/em_prs.o
 .rodata        0x00009520       0x14 ./emlib/em_rtc.o
 .rodata        0x00009534       0x64 ./emlib/em_timer.o
 .rodata        0x00009598       0x14 ./emlib/em_usart.o
 .rodata        0x000095ac       0x18 ./Drivers/displayls013b7dh03.o
 .rodata        0x000095c4       0x6c ./Drivers/displaypalemlib.o
 .rodata.HIDKBD_ReportDescriptor
                0x00009630       0x48 ./Drivers/hidkbd.o
                0x00009630                HIDKBD_ReportDescriptor
 .rodata        0x00009678        0x4 ./Drivers/udelay.o
 .rodata.str1.1
                0x0000967c        0x2 c:/siliconlabs/simplicitystudio/v3/developer/toolchains/gnu_arm/4.8_2013q4/bin/../lib/gcc/arm-none-eabi/4.8.3/../../../../arm-none-eabi/lib/armv6-m\libc_s.a(lib_a-impure.o)
 *fill*         0x0000967e        0x2 
 .rodata._global_impure_ptr
                0x00009680        0x4 c:/siliconlabs/simplicitystudio/v3/developer/toolchains/gnu_arm/4.8_2013q4/bin/../lib/gcc/arm-none-eabi/4.8.3/../../../../arm-none-eabi/lib/armv6-m\libc_s.a(lib_a-impure.o)
                0x00009680                _global_impure_ptr
 *(.eh_frame*)
 .eh_frame      0x00009684        0x0 c:/siliconlabs/simplicitystudio/v3/developer/toolchains/gnu_arm/4.8_2013q4/bin/../lib/gcc/arm-none-eabi/4.8.3/armv6-m/crtbegin.o
 .eh_frame      0x00009684        0x4 c:/siliconlabs/simplicitystudio/v3/developer/toolchains/gnu_arm/4.8_2013q4/bin/../lib/gcc/arm-none-eabi/4.8.3/armv6-m/crtend.o

.glue_7         0x00009688        0x0
 .glue_7        0x00000000        0x0 linker stubs

.glue_7t        0x00009688        0x0
 .glue_7t       0x00000000        0x0 linker stubs

.vfp11_veneer   0x00009688        0x0
 .vfp11_veneer  0x00000000        0x0 linker stubs

.v4_bx          0x00009688        0x0
 .v4_bx         0x00000000        0x0 linker stubs

.iplt           0x00009688        0x0
 .iplt          0x00000000        0x0 c:/siliconlabs/simplicitystudio/v3/developer/toolchains/gnu_arm/4.8_2013q4/bin/../lib/gcc/arm-none-eabi/4.8.3/armv6-m/crtbegin.o

.ARM.extab
 *(.ARM.extab* .gnu.linkonce.armextab.*)
                0x00009688                __exidx_start = .

.ARM.exidx      0x00009688        0x8
 *(.ARM.exidx* .gnu.linkonce.armexidx.*)
 .ARM.exidx     0x00009688        0x8 c:/siliconlabs/simplicitystudio/v3/developer/toolchains/gnu_arm/4.8_2013q4/bin/../lib/gcc/arm-none-eabi/4.8.3/../../../../arm-none-eabi/lib/armv6-m/crt0.o
                0x00009690                __exidx_end = .
                0x00009690                __etext = .

.rel.dyn        0x00009690        0x0
 .rel.iplt      0x00000000        0x0 c:/siliconlabs/simplicitystudio/v3/developer/toolchains/gnu_arm/4.8_2013q4/bin/../lib/gcc/arm-none-eabi/4.8.3/armv6-m/crtbegin.o

.data           0x20000000       0x8c load address 0x00009690
                0x20000000                __data_start__ = .
 *(vtable)
 *(.data*)
 .data.USBDESC_HidDescriptor
                0x20000000        0x4 ./src/descriptors.o
                0x20000000                USBDESC_HidDescriptor
 .data.dev      0x20000004        0x4 ./emusb/em_usbd.o
                0x20000004                dev
 .data.pDisplayDeviceDriverInitFunctions
                0x20000008        0x8 ./Drivers/display.o
 .data.pixelMatrixPool
                0x20000010        0x4 ./Drivers/displayls013b7dh03.o
 .data.loops_per_jiffy
                0x20000014        0x4 ./Drivers/udelay.o
                0x20000014                loops_per_jiffy
 .data.SystemHFXOClock
                0x20000018        0x4 ./CMSIS/efm32hg/system_efm32hg.o
 .data.SystemLFXOClock
                0x2000001c        0x4 ./CMSIS/efm32hg/system_efm32hg.o
 .data.impure_data
                0x20000020       0x60 c:/siliconlabs/simplicitystudio/v3/developer/toolchains/gnu_arm/4.8_2013q4/bin/../lib/gcc/arm-none-eabi/4.8.3/../../../../arm-none-eabi/lib/armv6-m\libc_s.a(lib_a-impure.o)
                0x20000080                . = ALIGN (0x4)
 *(.ram)
                0x20000080                . = ALIGN (0x4)
                0x20000080                PROVIDE (__preinit_array_start, .)
 *(.preinit_array)
                0x20000080                PROVIDE (__preinit_array_end, .)
                0x20000080                . = ALIGN (0x4)
                0x20000080                PROVIDE (__init_array_start, .)
 *(SORT(.init_array.*))
 *(.init_array)
 .init_array    0x20000080        0x4 c:/siliconlabs/simplicitystudio/v3/developer/toolchains/gnu_arm/4.8_2013q4/bin/../lib/gcc/arm-none-eabi/4.8.3/armv6-m/crtbegin.o
                0x20000084                PROVIDE (__init_array_end, .)
                0x20000084                . = ALIGN (0x4)
                0x20000084                PROVIDE (__fini_array_start, .)
 *(SORT(.fini_array.*))
 *(.fini_array)
 .fini_array    0x20000084        0x4 c:/siliconlabs/simplicitystudio/v3/developer/toolchains/gnu_arm/4.8_2013q4/bin/../lib/gcc/arm-none-eabi/4.8.3/armv6-m/crtbegin.o
                0x20000088                PROVIDE (__fini_array_end, .)
 *(.jcr*)
 .jcr           0x20000088        0x0 c:/siliconlabs/simplicitystudio/v3/developer/toolchains/gnu_arm/4.8_2013q4/bin/../lib/gcc/arm-none-eabi/4.8.3/armv6-m/crtbegin.o
 .jcr           0x20000088        0x4 c:/siliconlabs/simplicitystudio/v3/developer/toolchains/gnu_arm/4.8_2013q4/bin/../lib/gcc/arm-none-eabi/4.8.3/armv6-m/crtend.o
                0x2000008c                . = ALIGN (0x4)
                0x2000008c                __data_end__ = .

.igot.plt       0x2000008c        0x0 load address 0x0000971c
 .igot.plt      0x00000000        0x0 c:/siliconlabs/simplicitystudio/v3/developer/toolchains/gnu_arm/4.8_2013q4/bin/../lib/gcc/arm-none-eabi/4.8.3/armv6-m/crtbegin.o

.bss            0x2000008c      0xaf4 load address 0x0000971c
                0x2000008c                . = ALIGN (0x4)
                0x2000008c                __bss_start__ = .
 *(.bss*)
 .bss           0x2000008c       0x1c c:/siliconlabs/simplicitystudio/v3/developer/toolchains/gnu_arm/4.8_2013q4/bin/../lib/gcc/arm-none-eabi/4.8.3/armv6-m/crtbegin.o
 .bss.keySeqNo  0x200000a8        0x4 ./src/main.o
 .bss.keyPushed
                0x200000ac        0x1 ./src/main.o
 .bss.leusbTogglePushed
                0x200000ad        0x1 ./src/main.o
 .bss.leusbEnabled
                0x200000ae        0x1 ./src/main.o
 .bss.refreshDisplay
                0x200000af        0x1 ./src/main.o
 .bss.displayDevice
                0x200000b0       0x2c ./src/main.o
 .bss.blank_image
                0x200000dc      0x800 ./src/main.o
 .bss.device    0x200008dc       0xa8 ./emusb/em_usbd.o
 .bss.txBuf     0x20000984        0x4 ./emusb/em_usbdch9.o
 .bss.callback.7789
                0x20000988        0x4 ./emusb/em_usbdep.o
 .bss.xferred.7788
                0x2000098c        0x4 ./emusb/em_usbdep.o
 .bss.USBD_poweredDown
                0x20000990        0x1 ./emusb/em_usbdint.o
                0x20000990                USBD_poweredDown
 *fill*         0x20000991        0x3 
 .bss.x_USB_GINTMSK
                0x20000994        0x4 ./emusb/em_usbdint.o
 .bss.x_USB_GAHBCFG
                0x20000998        0x4 ./emusb/em_usbdint.o
 .bss.x_USB_GUSBCFG
                0x2000099c        0x4 ./emusb/em_usbdint.o
 .bss.x_USB_GRXFSIZ
                0x200009a0        0x4 ./emusb/em_usbdint.o
 .bss.x_USB_GNPTXFSIZ
                0x200009a4        0x4 ./emusb/em_usbdint.o
 .bss.x_USB_DCFG
                0x200009a8        0x4 ./emusb/em_usbdint.o
 .bss.x_USB_DCTL
                0x200009ac        0x4 ./emusb/em_usbdint.o
 .bss.x_USB_DAINTMSK
                0x200009b0        0x4 ./emusb/em_usbdint.o
 .bss.x_USB_DIEPMSK
                0x200009b4        0x4 ./emusb/em_usbdint.o
 .bss.x_USB_DOEPMSK
                0x200009b8        0x4 ./emusb/em_usbdint.o
 .bss.x_USB_PCGCCTL
                0x200009bc        0x4 ./emusb/em_usbdint.o
 .bss.x_USB_EP_CTL
                0x200009c0        0x4 ./emusb/em_usbdint.o
 .bss.x_USB_EP_TSIZ
                0x200009c4        0x4 ./emusb/em_usbdint.o
 .bss.x_USB_EP_DMAADDR
                0x200009c8        0x4 ./emusb/em_usbdint.o
 .bss.x_USB_DIEPTXFS
                0x200009cc        0x4 ./emusb/em_usbdint.o
 .bss.cmuStatus
                0x200009d0        0x4 ./emusb/em_usbdint.o
 .bss.timers    0x200009d4       0x20 ./emusb/em_usbtimer.o
 .bss.head      0x200009f4        0x4 ./emusb/em_usbtimer.o
 .bss.ticksPrMs
                0x200009f8        0x4 ./emusb/em_usbtimer.o
 .bss.ticksPr1us
                0x200009fc        0x4 ./emusb/em_usbtimer.o
 .bss.ticksPr10us
                0x20000a00        0x4 ./emusb/em_usbtimer.o
 .bss.ticksPr100us
                0x20000a04        0x4 ./emusb/em_usbtimer.o
 .bss.cmuStatus
                0x20000a08        0x4 ./emlib/em_emu.o
 .bss.INT_LockCnt
                0x20000a0c        0x4 ./emlib/em_int.o
                0x20000a0c                INT_LockCnt
 .bss.deviceTable
                0x20000a10       0x2c ./Drivers/display.o
 .bss.moduleInitialized
                0x20000a3c        0x1 ./Drivers/display.o
 *fill*         0x20000a3d        0x3 
 .bss.devicesRegistered
                0x20000a40        0x4 ./Drivers/display.o
 .bss.lcdPolarity
                0x20000a44        0x1 ./Drivers/displayls013b7dh03.o
 *fill*         0x20000a45        0x3 
 .bss.pixelMatrixPoolBase
                0x20000a48       0x80 ./Drivers/displayls013b7dh03.o
 .bss.tmpBuffer
                0x20000ac8        0x4 ./Drivers/hidkbd.o
 .bss.idleRate  0x20000acc        0x1 ./Drivers/hidkbd.o
 *fill*         0x20000acd        0x3 
 .bss.hidDescriptor
                0x20000ad0        0x4 ./Drivers/hidkbd.o
 .bss.setReportFunc
                0x20000ad4        0x4 ./Drivers/hidkbd.o
 .bss.lastSentReport
                0x20000ad8        0x8 ./Drivers/hidkbd.o
 .bss.lastKnownReport
                0x20000ae0        0x8 ./Drivers/hidkbd.o
 .bss.hidDesc.7576
                0x20000ae8        0xc ./Drivers/hidkbd.o
 *(COMMON)
 COMMON         0x20000af4       0x88 ./Drivers/hidkbd.o
                0x20000af4                queue
 COMMON         0x20000b7c        0x4 ./CMSIS/efm32hg/system_efm32hg.o
                0x20000b7c                SystemCoreClock
                0x20000b80                . = ALIGN (0x4)
                0x20000b80                __bss_end__ = .

.heap           0x20000b80      0xc00
                0x20000b80                __HeapBase = .
                0x20000b80                __end__ = .
                0x20000b80                end = __end__
                0x20000b80                _end = __end__
 *(.heap*)
 .heap          0x20000b80      0xc00 ./CMSIS/efm32hg/startup_gcc_efm32hg.o
                0x20001780                __HeapLimit = .

.stack_dummy    0x20000b80      0x400
 *(.stack*)
 .stack         0x20000b80      0x400 ./CMSIS/efm32hg/startup_gcc_efm32hg.o
                0x20002000                __StackTop = (ORIGIN (RAM) + 0x2000)
                0x20001c00                __StackLimit = (__StackTop - SIZEOF (.stack_dummy))
                0x20002000                PROVIDE (__stack, __StackTop)
                0x00000001                ASSERT ((__StackLimit >= __HeapLimit), region RAM overflowed with stack)
                0x00000001                ASSERT ((0x10000 >= (__etext + SIZEOF (.data))), FLASH memory overflowed !)
OUTPUT(gecko_reporter.axf elf32-littlearm)

.ARM.attributes
                0x00000000       0x28
 .ARM.attributes
                0x00000000       0x1e c:/siliconlabs/simplicitystudio/v3/developer/toolchains/gnu_arm/4.8_2013q4/bin/../lib/gcc/arm-none-eabi/4.8.3/armv6-m/crti.o
 .ARM.attributes
                0x0000001e       0x2c c:/siliconlabs/simplicitystudio/v3/developer/toolchains/gnu_arm/4.8_2013q4/bin/../lib/gcc/arm-none-eabi/4.8.3/armv6-m/crtbegin.o
 .ARM.attributes
                0x0000004a       0x1b c:/siliconlabs/simplicitystudio/v3/developer/toolchains/gnu_arm/4.8_2013q4/bin/../lib/gcc/arm-none-eabi/4.8.3/../../../../arm-none-eabi/lib/armv6-m/crt0.o
 .ARM.attributes
                0x00000065       0x32 ./src/descriptors.o
 .ARM.attributes
                0x00000097       0x32 ./src/main.o
 .ARM.attributes
                0x000000c9       0x32 ./src/scrolllcd.o
 .ARM.attributes
                0x000000fb       0x32 ./emusb/em_usbd.o
 .ARM.attributes
                0x0000012d       0x32 ./emusb/em_usbdch9.o
 .ARM.attributes
                0x0000015f       0x32 ./emusb/em_usbdep.o
 .ARM.attributes
                0x00000191       0x32 ./emusb/em_usbdint.o
 .ARM.attributes
                0x000001c3       0x32 ./emusb/em_usbhal.o
 .ARM.attributes
                0x000001f5       0x32 ./emusb/em_usbtimer.o
 .ARM.attributes
                0x00000227       0x32 ./emlib/em_cmu.o
 .ARM.attributes
                0x00000259       0x32 ./emlib/em_emu.o
 .ARM.attributes
                0x0000028b       0x32 ./emlib/em_gpio.o
 .ARM.attributes
                0x000002bd       0x32 ./emlib/em_int.o
 .ARM.attributes
                0x000002ef       0x32 ./emlib/em_prs.o
 .ARM.attributes
                0x00000321       0x32 ./emlib/em_rtc.o
 .ARM.attributes
                0x00000353       0x32 ./emlib/em_timer.o
 .ARM.attributes
                0x00000385       0x32 ./emlib/em_usart.o
 .ARM.attributes
                0x000003b7       0x32 ./Drivers/display.o
 .ARM.attributes
                0x000003e9       0x32 ./Drivers/displayls013b7dh03.o
 .ARM.attributes
                0x0000041b       0x32 ./Drivers/displaypalemlib.o
 .ARM.attributes
                0x0000044d       0x32 ./Drivers/hidkbd.o
 .ARM.attributes
                0x0000047f       0x2b ./Drivers/udelay.o
 .ARM.attributes
                0x000004aa       0x1b ./CMSIS/efm32hg/startup_gcc_efm32hg.o
 .ARM.attributes
                0x000004c5       0x32 ./CMSIS/efm32hg/system_efm32hg.o
 .ARM.attributes
                0x000004f7       0x1e c:/siliconlabs/simplicitystudio/v3/developer/toolchains/gnu_arm/4.8_2013q4/bin/../lib/gcc/arm-none-eabi/4.8.3/armv6-m\libgcc.a(_udivsi3.o)
 .ARM.attributes
                0x00000515       0x1e c:/siliconlabs/simplicitystudio/v3/developer/toolchains/gnu_arm/4.8_2013q4/bin/../lib/gcc/arm-none-eabi/4.8.3/armv6-m\libgcc.a(_divsi3.o)
 .ARM.attributes
                0x00000533       0x1e c:/siliconlabs/simplicitystudio/v3/developer/toolchains/gnu_arm/4.8_2013q4/bin/../lib/gcc/arm-none-eabi/4.8.3/armv6-m\libgcc.a(_dvmd_tls.o)
 .ARM.attributes
                0x00000551       0x2c c:/siliconlabs/simplicitystudio/v3/developer/toolchains/gnu_arm/4.8_2013q4/bin/../lib/gcc/arm-none-eabi/4.8.3/armv6-m\libgcc.a(_muldi3.o)
 .ARM.attributes
                0x0000057d       0x2c c:/siliconlabs/simplicitystudio/v3/developer/toolchains/gnu_arm/4.8_2013q4/bin/../lib/gcc/arm-none-eabi/4.8.3/../../../../arm-none-eabi/lib/armv6-m\libc_s.a(lib_a-exit.o)
 .ARM.attributes
                0x000005a9       0x2c c:/siliconlabs/simplicitystudio/v3/developer/toolchains/gnu_arm/4.8_2013q4/bin/../lib/gcc/arm-none-eabi/4.8.3/../../../../arm-none-eabi/lib/armv6-m\libc_s.a(lib_a-impure.o)
 .ARM.attributes
                0x000005d5       0x2c c:/siliconlabs/simplicitystudio/v3/developer/toolchains/gnu_arm/4.8_2013q4/bin/../lib/gcc/arm-none-eabi/4.8.3/../../../../arm-none-eabi/lib/armv6-m\libc_s.a(lib_a-init.o)
 .ARM.attributes
                0x00000601       0x2c c:/siliconlabs/simplicitystudio/v3/developer/toolchains/gnu_arm/4.8_2013q4/bin/../lib/gcc/arm-none-eabi/4.8.3/../../../../arm-none-eabi/lib/armv6-m\libc_s.a(lib_a-memcpy-stub.o)
 .ARM.attributes
                0x0000062d       0x2c c:/siliconlabs/simplicitystudio/v3/developer/toolchains/gnu_arm/4.8_2013q4/bin/../lib/gcc/arm-none-eabi/4.8.3/../../../../arm-none-eabi/lib/armv6-m\libc_s.a(lib_a-memset.o)
 .ARM.attributes
                0x00000659       0x2c c:/siliconlabs/simplicitystudio/v3/developer/toolchains/gnu_arm/4.8_2013q4/bin/../lib/gcc/arm-none-eabi/4.8.3/../../../../arm-none-eabi/lib/armv6-m\libnosys.a(_exit.o)
 .ARM.attributes
                0x00000685       0x2c c:/siliconlabs/simplicitystudio/v3/developer/toolchains/gnu_arm/4.8_2013q4/bin/../lib/gcc/arm-none-eabi/4.8.3/armv6-m/crtend.o
 .ARM.attributes
                0x000006b1       0x1e c:/siliconlabs/simplicitystudio/v3/developer/toolchains/gnu_arm/4.8_2013q4/bin/../lib/gcc/arm-none-eabi/4.8.3/armv6-m/crtn.o

.comment        0x00000000       0x70
 .comment       0x00000000       0x70 ./src/descriptors.o
                                 0x71 (size before relaxing)
 .comment       0x00000000       0x71 ./src/main.o
 .comment       0x00000000       0x71 ./src/scrolllcd.o
 .comment       0x00000000       0x71 ./emusb/em_usbd.o
 .comment       0x00000000       0x71 ./emusb/em_usbdch9.o
 .comment       0x00000000       0x71 ./emusb/em_usbdep.o
 .comment       0x00000000       0x71 ./emusb/em_usbdint.o
 .comment       0x00000000       0x71 ./emusb/em_usbhal.o
 .comment       0x00000000       0x71 ./emusb/em_usbtimer.o
 .comment       0x00000000       0x71 ./emlib/em_cmu.o
 .comment       0x00000000       0x71 ./emlib/em_emu.o
 .comment       0x00000000       0x71 ./emlib/em_gpio.o
 .comment       0x00000000       0x71 ./emlib/em_int.o
 .comment       0x00000000       0x71 ./emlib/em_prs.o
 .comment       0x00000000       0x71 ./emlib/em_rtc.o
 .comment       0x00000000       0x71 ./emlib/em_timer.o
 .comment       0x00000000       0x71 ./emlib/em_usart.o
 .comment       0x00000000       0x71 ./Drivers/display.o
 .comment       0x00000000       0x71 ./Drivers/displayls013b7dh03.o
 .comment       0x00000000       0x71 ./Drivers/displaypalemlib.o
 .comment       0x00000000       0x71 ./Drivers/hidkbd.o
 .comment       0x00000000       0x71 ./Drivers/udelay.o
 .comment       0x00000000       0x71 ./CMSIS/efm32hg/system_efm32hg.o

.debug_info     0x00000000    0x101c3
 .debug_info    0x00000000      0x482 ./src/descriptors.o
 .debug_info    0x00000482     0x14e5 ./src/main.o
 .debug_info    0x00001967      0x3bd ./src/scrolllcd.o
 .debug_info    0x00001d24     0x1ed0 ./emusb/em_usbd.o
 .debug_info    0x00003bf4     0x14b0 ./emusb/em_usbdch9.o
 .debug_info    0x000050a4     0x1047 ./emusb/em_usbdep.o
 .debug_info    0x000060eb     0x178e ./emusb/em_usbdint.o
 .debug_info    0x00007879     0x1508 ./emusb/em_usbhal.o
 .debug_info    0x00008d81      0xdd1 ./emusb/em_usbtimer.o
 .debug_info    0x00009b52     0x1079 ./emlib/em_cmu.o
 .debug_info    0x0000abcb      0x64a ./emlib/em_emu.o
 .debug_info    0x0000b215      0x4ce ./emlib/em_gpio.o
 .debug_info    0x0000b6e3       0xa4 ./emlib/em_int.o
 .debug_info    0x0000b787      0x231 ./emlib/em_prs.o
 .debug_info    0x0000b9b8      0x32b ./emlib/em_rtc.o
 .debug_info    0x0000bce3      0x8a2 ./emlib/em_timer.o
 .debug_info    0x0000c585      0xdb6 ./emlib/em_usart.o
 .debug_info    0x0000d33b      0x42c ./Drivers/display.o
 .debug_info    0x0000d767      0x5d8 ./Drivers/displayls013b7dh03.o
 .debug_info    0x0000dd3f      0xf68 ./Drivers/displaypalemlib.o
 .debug_info    0x0000eca7      0x664 ./Drivers/hidkbd.o
 .debug_info    0x0000f30b      0x98c ./Drivers/udelay.o
 .debug_info    0x0000fc97       0xa6 ./CMSIS/efm32hg/startup_gcc_efm32hg.o
 .debug_info    0x0000fd3d      0x486 ./CMSIS/efm32hg/system_efm32hg.o

.debug_abbrev   0x00000000     0x2d2f
 .debug_abbrev  0x00000000       0xdf ./src/descriptors.o
 .debug_abbrev  0x000000df      0x2a0 ./src/main.o
 .debug_abbrev  0x0000037f       0xfe ./src/scrolllcd.o
 .debug_abbrev  0x0000047d      0x44b ./emusb/em_usbd.o
 .debug_abbrev  0x000008c8      0x30a ./emusb/em_usbdch9.o
 .debug_abbrev  0x00000bd2      0x2b5 ./emusb/em_usbdep.o
 .debug_abbrev  0x00000e87      0x354 ./emusb/em_usbdint.o
 .debug_abbrev  0x000011db      0x39f ./emusb/em_usbhal.o
 .debug_abbrev  0x0000157a      0x264 ./emusb/em_usbtimer.o
 .debug_abbrev  0x000017de      0x24f ./emlib/em_cmu.o
 .debug_abbrev  0x00001a2d      0x1af ./emlib/em_emu.o
 .debug_abbrev  0x00001bdc      0x141 ./emlib/em_gpio.o
 .debug_abbrev  0x00001d1d       0x44 ./emlib/em_int.o
 .debug_abbrev  0x00001d61       0xe3 ./emlib/em_prs.o
 .debug_abbrev  0x00001e44      0x16d ./emlib/em_rtc.o
 .debug_abbrev  0x00001fb1      0x17b ./emlib/em_timer.o
 .debug_abbrev  0x0000212c      0x1c1 ./emlib/em_usart.o
 .debug_abbrev  0x000022ed       0xf5 ./Drivers/display.o
 .debug_abbrev  0x000023e2      0x165 ./Drivers/displayls013b7dh03.o
 .debug_abbrev  0x00002547      0x1cb ./Drivers/displaypalemlib.o
 .debug_abbrev  0x00002712      0x2a0 ./Drivers/hidkbd.o
 .debug_abbrev  0x000029b2      0x209 ./Drivers/udelay.o
 .debug_abbrev  0x00002bbb       0x14 ./CMSIS/efm32hg/startup_gcc_efm32hg.o
 .debug_abbrev  0x00002bcf      0x160 ./CMSIS/efm32hg/system_efm32hg.o

.debug_aranges  0x00000000      0xb60
 .debug_aranges
                0x00000000       0x18 ./src/descriptors.o
 .debug_aranges
                0x00000018       0x48 ./src/main.o
 .debug_aranges
                0x00000060       0x20 ./src/scrolllcd.o
 .debug_aranges
                0x00000080      0x180 ./emusb/em_usbd.o
 .debug_aranges
                0x00000200       0xb0 ./emusb/em_usbdch9.o
 .debug_aranges
                0x000002b0       0x58 ./emusb/em_usbdep.o
 .debug_aranges
                0x00000308       0xe0 ./emusb/em_usbdint.o
 .debug_aranges
                0x000003e8       0xc0 ./emusb/em_usbhal.o
 .debug_aranges
                0x000004a8       0xb0 ./emusb/em_usbtimer.o
 .debug_aranges
                0x00000558      0x130 ./emlib/em_cmu.o
 .debug_aranges
                0x00000688       0x70 ./emlib/em_emu.o
 .debug_aranges
                0x000006f8       0x40 ./emlib/em_gpio.o
 .debug_aranges
                0x00000738       0x18 ./emlib/em_int.o
 .debug_aranges
                0x00000750       0x28 ./emlib/em_prs.o
 .debug_aranges
                0x00000778       0x58 ./emlib/em_rtc.o
 .debug_aranges
                0x000007d0       0x50 ./emlib/em_timer.o
 .debug_aranges
                0x00000820       0xb8 ./emlib/em_usart.o
 .debug_aranges
                0x000008d8       0x38 ./Drivers/display.o
 .debug_aranges
                0x00000910       0x58 ./Drivers/displayls013b7dh03.o
 .debug_aranges
                0x00000968       0xa0 ./Drivers/displaypalemlib.o
 .debug_aranges
                0x00000a08       0x70 ./Drivers/hidkbd.o
 .debug_aranges
                0x00000a78       0x60 ./Drivers/udelay.o
 .debug_aranges
                0x00000ad8       0x20 ./CMSIS/efm32hg/startup_gcc_efm32hg.o
 .debug_aranges
                0x00000af8       0x68 ./CMSIS/efm32hg/system_efm32hg.o

.debug_line     0x00000000     0x56a3
 .debug_line    0x00000000      0x19d ./src/descriptors.o
 .debug_line    0x0000019d      0x4d9 ./src/main.o
 .debug_line    0x00000676      0x225 ./src/scrolllcd.o
 .debug_line    0x0000089b      0x82c ./emusb/em_usbd.o
 .debug_line    0x000010c7      0x598 ./emusb/em_usbdch9.o
 .debug_line    0x0000165f      0x33e ./emusb/em_usbdep.o
 .debug_line    0x0000199d      0x68a ./emusb/em_usbdint.o
 .debug_line    0x00002027      0x616 ./emusb/em_usbhal.o
 .debug_line    0x0000263d      0x489 ./emusb/em_usbtimer.o
 .debug_line    0x00002ac6      0x7b3 ./emlib/em_cmu.o
 .debug_line    0x00003279      0x3b8 ./emlib/em_emu.o
 .debug_line    0x00003631      0x233 ./emlib/em_gpio.o
 .debug_line    0x00003864       0x9f ./emlib/em_int.o
 .debug_line    0x00003903      0x1b0 ./emlib/em_prs.o
 .debug_line    0x00003ab3      0x248 ./emlib/em_rtc.o
 .debug_line    0x00003cfb      0x3b0 ./emlib/em_timer.o
 .debug_line    0x000040ab      0x47b ./emlib/em_usart.o
 .debug_line    0x00004526      0x1cb ./Drivers/display.o
 .debug_line    0x000046f1      0x271 ./Drivers/displayls013b7dh03.o
 .debug_line    0x00004962      0x480 ./Drivers/displaypalemlib.o
 .debug_line    0x00004de2      0x309 ./Drivers/hidkbd.o
 .debug_line    0x000050eb      0x351 ./Drivers/udelay.o
 .debug_line    0x0000543c       0x74 ./CMSIS/efm32hg/startup_gcc_efm32hg.o
 .debug_line    0x000054b0      0x1f3 ./CMSIS/efm32hg/system_efm32hg.o

.debug_str      0x00000000     0x42a4
 .debug_str     0x00000000      0x38c ./src/descriptors.o
                                0x3fd (size before relaxing)
 .debug_str     0x0000038c      0xbb4 ./src/main.o
                                0xfed (size before relaxing)
 .debug_str     0x00000f40       0x75 ./src/scrolllcd.o
                                0x415 (size before relaxing)
 .debug_str     0x00000fb5      0xbc7 ./emusb/em_usbd.o
                               0x153d (size before relaxing)
 .debug_str     0x00001b7c      0x15f ./emusb/em_usbdch9.o
                                0xd0c (size before relaxing)
 .debug_str     0x00001cdb       0x5c ./emusb/em_usbdep.o
                                0xbdc (size before relaxing)
 .debug_str     0x00001d37      0x300 ./emusb/em_usbdint.o
                                0xfcb (size before relaxing)
 .debug_str     0x00002037      0x122 ./emusb/em_usbhal.o
                                0xeaa (size before relaxing)
 .debug_str     0x00002159      0x6d0 ./emusb/em_usbtimer.o
                                0xc95 (size before relaxing)
 .debug_str     0x00002829      0x5d6 ./emlib/em_cmu.o
                                0xc23 (size before relaxing)
 .debug_str     0x00002dff      0x117 ./emlib/em_emu.o
                                0x49d (size before relaxing)
 .debug_str     0x00002f16       0xee ./emlib/em_gpio.o
                                0x561 (size before relaxing)
 .debug_str     0x00003004       0x12 ./emlib/em_int.o
                                0x1fe (size before relaxing)
 .debug_str     0x00003016       0xc0 ./emlib/em_prs.o
                                0x2c4 (size before relaxing)
 .debug_str     0x000030d6       0xba ./emlib/em_rtc.o
                                0x2dd (size before relaxing)
 .debug_str     0x00003190      0x20b ./emlib/em_timer.o
                                0x92a (size before relaxing)
 .debug_str     0x0000339b      0x871 ./emlib/em_usart.o
                                0xc40 (size before relaxing)
 .debug_str     0x00003c0c      0x107 ./Drivers/display.o
                                0x47e (size before relaxing)
 .debug_str     0x00003d13       0xe3 ./Drivers/displayls013b7dh03.o
                                0x4c5 (size before relaxing)
 .debug_str     0x00003df6      0x19f ./Drivers/displaypalemlib.o
                                0xd12 (size before relaxing)
 .debug_str     0x00003f95      0x112 ./Drivers/hidkbd.o
                                0x674 (size before relaxing)
 .debug_str     0x000040a7       0xf1 ./Drivers/udelay.o
                                0x94a (size before relaxing)
 .debug_str     0x00004198      0x10c ./CMSIS/efm32hg/system_efm32hg.o
                                0x43d (size before relaxing)

.debug_loc      0x00000000     0x3d26
 .debug_loc     0x00000000      0x144 ./src/main.o
 .debug_loc     0x00000144       0x3a ./src/scrolllcd.o
 .debug_loc     0x0000017e      0x91a ./emusb/em_usbd.o
 .debug_loc     0x00000a98      0x428 ./emusb/em_usbdch9.o
 .debug_loc     0x00000ec0      0x1c0 ./emusb/em_usbdep.o
 .debug_loc     0x00001080      0x530 ./emusb/em_usbdint.o
 .debug_loc     0x000015b0      0x45c ./emusb/em_usbhal.o
 .debug_loc     0x00001a0c      0x41e ./emusb/em_usbtimer.o
 .debug_loc     0x00001e2a      0x76c ./emlib/em_cmu.o
 .debug_loc     0x00002596      0x22c ./emlib/em_emu.o
 .debug_loc     0x000027c2      0x118 ./emlib/em_gpio.o
 .debug_loc     0x000028da       0x70 ./emlib/em_prs.o
 .debug_loc     0x0000294a      0x1a8 ./emlib/em_rtc.o
 .debug_loc     0x00002af2      0x188 ./emlib/em_timer.o
 .debug_loc     0x00002c7a      0x460 ./emlib/em_usart.o
 .debug_loc     0x000030da       0xe0 ./Drivers/display.o
 .debug_loc     0x000031ba      0x1c0 ./Drivers/displayls013b7dh03.o
 .debug_loc     0x0000337a      0x3b8 ./Drivers/displaypalemlib.o
 .debug_loc     0x00003732      0x238 ./Drivers/hidkbd.o
 .debug_loc     0x0000396a      0x1d4 ./Drivers/udelay.o
 .debug_loc     0x00003b3e      0x1e8 ./CMSIS/efm32hg/system_efm32hg.o

.debug_ranges   0x00000000      0x9c0
 .debug_ranges  0x00000000       0x38 ./src/main.o
 .debug_ranges  0x00000038       0x10 ./src/scrolllcd.o
 .debug_ranges  0x00000048      0x170 ./emusb/em_usbd.o
 .debug_ranges  0x000001b8       0xa0 ./emusb/em_usbdch9.o
 .debug_ranges  0x00000258       0x48 ./emusb/em_usbdep.o
 .debug_ranges  0x000002a0       0xd0 ./emusb/em_usbdint.o
 .debug_ranges  0x00000370       0xb0 ./emusb/em_usbhal.o
 .debug_ranges  0x00000420       0xa0 ./emusb/em_usbtimer.o
 .debug_ranges  0x000004c0      0x120 ./emlib/em_cmu.o
 .debug_ranges  0x000005e0       0x60 ./emlib/em_emu.o
 .debug_ranges  0x00000640       0x30 ./emlib/em_gpio.o
 .debug_ranges  0x00000670       0x18 ./emlib/em_prs.o
 .debug_ranges  0x00000688       0x48 ./emlib/em_rtc.o
 .debug_ranges  0x000006d0       0x40 ./emlib/em_timer.o
 .debug_ranges  0x00000710       0xa8 ./emlib/em_usart.o
 .debug_ranges  0x000007b8       0x28 ./Drivers/display.o
 .debug_ranges  0x000007e0       0x48 ./Drivers/displayls013b7dh03.o
 .debug_ranges  0x00000828       0x90 ./Drivers/displaypalemlib.o
 .debug_ranges  0x000008b8       0x60 ./Drivers/hidkbd.o
 .debug_ranges  0x00000918       0x50 ./Drivers/udelay.o
 .debug_ranges  0x00000968       0x58 ./CMSIS/efm32hg/system_efm32hg.o

.debug_frame    0x00000000     0x2610
 .debug_frame   0x00000000       0xd0 ./src/main.o
 .debug_frame   0x000000d0       0x30 ./src/scrolllcd.o
 .debug_frame   0x00000100      0x570 ./emusb/em_usbd.o
 .debug_frame   0x00000670      0x270 ./emusb/em_usbdch9.o
 .debug_frame   0x000008e0      0x110 ./emusb/em_usbdep.o
 .debug_frame   0x000009f0      0x318 ./emusb/em_usbdint.o
 .debug_frame   0x00000d08      0x29c ./emusb/em_usbhal.o
 .debug_frame   0x00000fa4      0x270 ./emusb/em_usbtimer.o
 .debug_frame   0x00001214      0x45c ./emlib/em_cmu.o
 .debug_frame   0x00001670      0x15c ./emlib/em_emu.o
 .debug_frame   0x000017cc       0xb4 ./emlib/em_gpio.o
 .debug_frame   0x00001880       0x50 ./emlib/em_prs.o
 .debug_frame   0x000018d0      0x108 ./emlib/em_rtc.o
 .debug_frame   0x000019d8       0xf0 ./emlib/em_timer.o
 .debug_frame   0x00001ac8      0x290 ./emlib/em_usart.o
 .debug_frame   0x00001d58       0x90 ./Drivers/display.o
 .debug_frame   0x00001de8      0x110 ./Drivers/displayls013b7dh03.o
 .debug_frame   0x00001ef8      0x230 ./Drivers/displaypalemlib.o
 .debug_frame   0x00002128      0x160 ./Drivers/hidkbd.o
 .debug_frame   0x00002288      0x124 ./Drivers/udelay.o
 .debug_frame   0x000023ac      0x138 ./CMSIS/efm32hg/system_efm32hg.o
 .debug_frame   0x000024e4       0x20 c:/siliconlabs/simplicitystudio/v3/developer/toolchains/gnu_arm/4.8_2013q4/bin/../lib/gcc/arm-none-eabi/4.8.3/armv6-m\libgcc.a(_udivsi3.o)
 .debug_frame   0x00002504       0x20 c:/siliconlabs/simplicitystudio/v3/developer/toolchains/gnu_arm/4.8_2013q4/bin/../lib/gcc/arm-none-eabi/4.8.3/armv6-m\libgcc.a(_divsi3.o)
 .debug_frame   0x00002524       0x30 c:/siliconlabs/simplicitystudio/v3/developer/toolchains/gnu_arm/4.8_2013q4/bin/../lib/gcc/arm-none-eabi/4.8.3/armv6-m\libgcc.a(_muldi3.o)
 .debug_frame   0x00002554       0x28 c:/siliconlabs/simplicitystudio/v3/developer/toolchains/gnu_arm/4.8_2013q4/bin/../lib/gcc/arm-none-eabi/4.8.3/../../../../arm-none-eabi/lib/armv6-m\libc_s.a(lib_a-exit.o)
 .debug_frame   0x0000257c       0x2c c:/siliconlabs/simplicitystudio/v3/developer/toolchains/gnu_arm/4.8_2013q4/bin/../lib/gcc/arm-none-eabi/4.8.3/../../../../arm-none-eabi/lib/armv6-m\libc_s.a(lib_a-init.o)
 .debug_frame   0x000025a8       0x28 c:/siliconlabs/simplicitystudio/v3/developer/toolchains/gnu_arm/4.8_2013q4/bin/../lib/gcc/arm-none-eabi/4.8.3/../../../../arm-none-eabi/lib/armv6-m\libc_s.a(lib_a-memcpy-stub.o)
 .debug_frame   0x000025d0       0x20 c:/siliconlabs/simplicitystudio/v3/developer/toolchains/gnu_arm/4.8_2013q4/bin/../lib/gcc/arm-none-eabi/4.8.3/../../../../arm-none-eabi/lib/armv6-m\libc_s.a(lib_a-memset.o)
 .debug_frame   0x000025f0       0x20 c:/siliconlabs/simplicitystudio/v3/developer/toolchains/gnu_arm/4.8_2013q4/bin/../lib/gcc/arm-none-eabi/4.8.3/../../../../arm-none-eabi/lib/armv6-m\libnosys.a(_exit.o)
